Component: ARM Compiler 5.06 update 7 (build 960) Tool: armlink [4d3601]

==============================================================================

Section Cross References

    startup_stm32f103xb.o(STACK) refers (Special) to heapauxi.o(.text) for __use_two_region_memory
    startup_stm32f103xb.o(HEAP) refers (Special) to heapauxi.o(.text) for __use_two_region_memory
    startup_stm32f103xb.o(RESET) refers (Special) to heapauxi.o(.text) for __use_two_region_memory
    startup_stm32f103xb.o(RESET) refers to startup_stm32f103xb.o(STACK) for __initial_sp
    startup_stm32f103xb.o(RESET) refers to startup_stm32f103xb.o(.text) for Reset_Handler
    startup_stm32f103xb.o(RESET) refers to stm32f1xx_it.o(i.NMI_Handler) for NMI_Handler
    startup_stm32f103xb.o(RESET) refers to stm32f1xx_it.o(i.HardFault_Handler) for HardFault_Handler
    startup_stm32f103xb.o(RESET) refers to stm32f1xx_it.o(i.MemManage_Handler) for MemManage_Handler
    startup_stm32f103xb.o(RESET) refers to stm32f1xx_it.o(i.BusFault_Handler) for BusFault_Handler
    startup_stm32f103xb.o(RESET) refers to stm32f1xx_it.o(i.UsageFault_Handler) for UsageFault_Handler
    startup_stm32f103xb.o(RESET) refers to stm32f1xx_it.o(i.SVC_Handler) for SVC_Handler
    startup_stm32f103xb.o(RESET) refers to stm32f1xx_it.o(i.DebugMon_Handler) for DebugMon_Handler
    startup_stm32f103xb.o(RESET) refers to stm32f1xx_it.o(i.PendSV_Handler) for PendSV_Handler
    startup_stm32f103xb.o(RESET) refers to stm32f1xx_it.o(i.SysTick_Handler) for SysTick_Handler
    startup_stm32f103xb.o(RESET) refers to stm32f1xx_it.o(i.EXTI0_IRQHandler) for EXTI0_IRQHandler
    startup_stm32f103xb.o(RESET) refers to stm32f1xx_it.o(i.DMA1_Channel1_IRQHandler) for DMA1_Channel1_IRQHandler
    startup_stm32f103xb.o(RESET) refers to stm32f1xx_it.o(i.DMA1_Channel2_IRQHandler) for DMA1_Channel2_IRQHandler
    startup_stm32f103xb.o(RESET) refers to stm32f1xx_it.o(i.DMA1_Channel6_IRQHandler) for DMA1_Channel6_IRQHandler
    startup_stm32f103xb.o(RESET) refers to stm32f1xx_it.o(i.ADC1_2_IRQHandler) for ADC1_2_IRQHandler
    startup_stm32f103xb.o(RESET) refers to stm32f1xx_it.o(i.TIM2_IRQHandler) for TIM2_IRQHandler
    startup_stm32f103xb.o(RESET) refers to stm32f1xx_it.o(i.USART2_IRQHandler) for USART2_IRQHandler
    startup_stm32f103xb.o(.text) refers (Special) to heapauxi.o(.text) for __use_two_region_memory
    startup_stm32f103xb.o(.text) refers to system_stm32f1xx.o(i.SystemInit) for SystemInit
    startup_stm32f103xb.o(.text) refers to __main.o(!!!main) for __main
    startup_stm32f103xb.o(.text) refers to startup_stm32f103xb.o(HEAP) for Heap_Mem
    startup_stm32f103xb.o(.text) refers to startup_stm32f103xb.o(STACK) for Stack_Mem
    main.o(i.HAL_TIM_PeriodElapsedCallback) refers to main.o(.data) for .data
    main.o(i.HAL_UARTEx_RxEventCallback) refers to frame.o(i.v_frame_set_data) for v_frame_set_data
    main.o(i.HAL_UARTEx_RxEventCallback) refers to stm32f1xx_hal_uart.o(i.HAL_UARTEx_ReceiveToIdle_DMA) for HAL_UARTEx_ReceiveToIdle_DMA
    main.o(i.HAL_UARTEx_RxEventCallback) refers to frame.o(i.e_frame_check) for e_frame_check
    main.o(i.HAL_UARTEx_RxEventCallback) refers to main.o(.bss) for .bss
    main.o(i.HAL_UARTEx_RxEventCallback) refers to main.o(.data) for .data
    main.o(i.MX_ADC1_Init) refers to stm32f1xx_hal_adc.o(i.HAL_ADC_Init) for HAL_ADC_Init
    main.o(i.MX_ADC1_Init) refers to stm32f1xx_hal_adc.o(i.HAL_ADC_ConfigChannel) for HAL_ADC_ConfigChannel
    main.o(i.MX_ADC1_Init) refers to main.o(.bss) for .bss
    main.o(i.MX_GPIO_Init) refers to stm32f1xx_hal_gpio.o(i.HAL_GPIO_WritePin) for HAL_GPIO_WritePin
    main.o(i.MX_GPIO_Init) refers to stm32f1xx_hal_gpio.o(i.HAL_GPIO_Init) for HAL_GPIO_Init
    main.o(i.MX_GPIO_Init) refers to stm32f1xx_hal_cortex.o(i.HAL_NVIC_SetPriority) for HAL_NVIC_SetPriority
    main.o(i.MX_GPIO_Init) refers to stm32f1xx_hal_cortex.o(i.HAL_NVIC_EnableIRQ) for HAL_NVIC_EnableIRQ
    main.o(i.MX_TIM2_Init) refers to stm32f1xx_hal_tim.o(i.HAL_TIM_Base_Init) for HAL_TIM_Base_Init
    main.o(i.MX_TIM2_Init) refers to stm32f1xx_hal_tim.o(i.HAL_TIM_ConfigClockSource) for HAL_TIM_ConfigClockSource
    main.o(i.MX_TIM2_Init) refers to stm32f1xx_hal_tim_ex.o(i.HAL_TIMEx_MasterConfigSynchronization) for HAL_TIMEx_MasterConfigSynchronization
    main.o(i.MX_TIM2_Init) refers to main.o(.bss) for .bss
    main.o(i.SystemClock_Config) refers to rt_memclr_w.o(.text) for __aeabi_memclr4
    main.o(i.SystemClock_Config) refers to stm32f1xx_hal_rcc.o(i.HAL_RCC_OscConfig) for HAL_RCC_OscConfig
    main.o(i.SystemClock_Config) refers to stm32f1xx_hal_rcc.o(i.HAL_RCC_ClockConfig) for HAL_RCC_ClockConfig
    main.o(i.SystemClock_Config) refers to stm32f1xx_hal_rcc_ex.o(i.HAL_RCCEx_PeriphCLKConfig) for HAL_RCCEx_PeriphCLKConfig
    main.o(i.main) refers to stm32f1xx_hal.o(i.HAL_Init) for HAL_Init
    main.o(i.main) refers to main.o(i.SystemClock_Config) for SystemClock_Config
    main.o(i.main) refers to main.o(i.MX_GPIO_Init) for MX_GPIO_Init
[...]
    ..\Drivers\STM32F1xx_HAL_Driver\Src\stm32f1xx_hal_tim_ex.c 0x00000000   Number         0  stm32f1xx_hal_tim_ex.o ABSOLUTE
    ..\Drivers\STM32F1xx_HAL_Driver\Src\stm32f1xx_hal_uart.c 0x00000000   Number         0  stm32f1xx_hal_uart.o ABSOLUTE
    ..\\Core\\Src\\addr.c                    0x00000000   Number         0  addr.o ABSOLUTE
    ..\\Core\\Src\\battery.c                 0x00000000   Number         0  battery.o ABSOLUTE
    ..\\Core\\Src\\flash.c                   0x00000000   Number         0  flash.o ABSOLUTE
    ..\\Core\\Src\\frame.c                   0x00000000   Number         0  frame.o ABSOLUTE
    ..\\Core\\Src\\lora.c                    0x00000000   Number         0  lora.o ABSOLUTE
    ..\\Core\\Src\\process.c                 0x00000000   Number         0  process.o ABSOLUTE
    ..\\Core\\Src\\valve.c                   0x00000000   Number         0  valve.o ABSOLUTE
    dc.s                                     0x00000000   Number         0  dc.o ABSOLUTE
    startup_stm32f103xb.s                    0x00000000   Number         0  startup_stm32f103xb.o ABSOLUTE
    RESET                                    0x08000000   Section      236  startup_stm32f103xb.o(RESET)
    !!!main                                  0x080000ec   Section        8  __main.o(!!!main)
    !!!scatter                               0x080000f4   Section       52  __scatter.o(!!!scatter)
    !!handler_copy                           0x08000128   Section       26  __scatter_copy.o(!!handler_copy)
    !!handler_zi                             0x08000144   Section       28  __scatter_zi.o(!!handler_zi)
    .ARM.Collect$$libinit$$00000000          0x08000160   Section        2  libinit.o(.ARM.Collect$$libinit$$00000000)
    .ARM.Collect$$libinit$$00000002          0x08000162   Section        0  libinit2.o(.ARM.Collect$$libinit$$00000002)
    .ARM.Collect$$libinit$$00000004          0x08000162   Section        0  libinit2.o(.ARM.Collect$$libinit$$00000004)
    .ARM.Collect$$libinit$$0000000A          0x08000162   Section        0  libinit2.o(.ARM.Collect$$libinit$$0000000A)
    .ARM.Collect$$libinit$$0000000C          0x08000162   Section        0  libinit2.o(.ARM.Collect$$libinit$$0000000C)
    .ARM.Collect$$libinit$$0000000E          0x08000162   Section        0  libinit2.o(.ARM.Collect$$libinit$$0000000E)
    .ARM.Collect$$libinit$$00000011          0x08000162   Section        0  libinit2.o(.ARM.Collect$$libinit$$00000011)
    .ARM.Collect$$libinit$$00000013          0x08000162   Section        0  libinit2.o(.ARM.Collect$$libinit$$00000013)
    .ARM.Collect$$libinit$$00000015          0x08000162   Section        0  libinit2.o(.ARM.Collect$$libinit$$00000015)
    .ARM.Collect$$libinit$$00000017          0x08000162   Section        0  libinit2.o(.ARM.Collect$$libinit$$00000017)
    .ARM.Collect$$libinit$$00000019          0x08000162   Section        0  libinit2.o(.ARM.Collect$$libinit$$00000019)
    .ARM.Collect$$libinit$$0000001B          0x08000162   Section        0  libinit2.o(.ARM.Collect$$libinit$$0000001B)
    .ARM.Collect$$libinit$$0000001D          0x08000162   Section        0  libinit2.o(.ARM.Collect$$libinit$$0000001D)
    .ARM.Collect$$libinit$$0000001F          0x08000162   Section        0  libinit2.o(.ARM.Collect$$libinit$$0000001F)
    .ARM.Collect$$libinit$$00000021          0x08000162   Section        0  libinit2.o(.ARM.Collect$$libinit$$00000021)
    .ARM.Collect$$libinit$$00000023          0x08000162   Section        0  libinit2.o(.ARM.Collect$$libinit$$00000023)
    .ARM.Collect$$libinit$$00000025          0x08000162   Section        0  libinit2.o(.ARM.Collect$$libinit$$00000025)
    .ARM.Collect$$libinit$$0000002C          0x08000162   Section        0  libinit2.o(.ARM.Collect$$libinit$$0000002C)
    .ARM.Collect$$libinit$$0000002E          0x08000162   Section        0  libinit2.o(.ARM.Collect$$libinit$$0000002E)
    .ARM.Collect$$libinit$$00000030          0x08000162   Section        0  libinit2.o(.ARM.Collect$$libinit$$00000030)
    .ARM.Collect$$libinit$$00000032          0x08000162   Section        0  libinit2.o(.ARM.Collect$$libinit$$00000032)
    .ARM.Collect$$libinit$$00000033          0x08000162   Section        2  libinit2.o(.ARM.Collect$$libinit$$00000033)
    .ARM.Collect$$libshutdown$$00000000      0x08000164   Section        2  libshutdown.o(.ARM.Collect$$libshutdown$$00000000)
    .ARM.Collect$$libshutdown$$00000002      0x08000166   Section        0  libshutdown2.o(.ARM.Collect$$libshutdown$$00000002)
    .ARM.Collect$$libshutdown$$00000004      0x08000166   Section        0  libshutdown2.o(.ARM.Collect$$libshutdown$$00000004)
    .ARM.Collect$$libshutdown$$00000006      0x08000166   Section        0  libshutdown2.o(.ARM.Collect$$libshutdown$$00000006)
    .ARM.Collect$$libshutdown$$00000009      0x08000166   Section        0  libshutdown2.o(.ARM.Collect$$libshutdown$$00000009)
    .ARM.Collect$$libshutdown$$0000000C      0x08000166   Section        0  libshutdown2.o(.ARM.Collect$$libshutdown$$0000000C)
    .ARM.Collect$$libshutdown$$0000000E      0x08000166   Section        0  libshutdown2.o(.ARM.Collect$$libshutdown$$0000000E)
    .ARM.Collect$$libshutdown$$00000011      0x08000166   Section        0  libshutdown2.o(.ARM.Collect$$libshutdown$$00000011)
    .ARM.Collect$$libshutdown$$00000012      0x08000166   Section        2  libshutdown2.o(.ARM.Collect$$libshutdown$$00000012)
    .ARM.Collect$$rtentry$$00000000          0x08000168   Section        0  __rtentry.o(.ARM.Collect$$rtentry$$00000000)
    .ARM.Collect$$rtentry$$00000002          0x08000168   Section        0  __rtentry2.o(.ARM.Collect$$rtentry$$00000002)
    .ARM.Collect$$rtentry$$00000004          0x08000168   Section        6  __rtentry4.o(.ARM.Collect$$rtentry$$00000004)
    .ARM.Collect$$rtentry$$00000009          0x0800016e   Section        0  __rtentry2.o(.ARM.Collect$$rtentry$$00000009)
    .ARM.Collect$$rtentry$$0000000A          0x0800016e   Section        4  __rtentry2.o(.ARM.Collect$$rtentry$$0000000A)
    .ARM.Collect$$rtentry$$0000000C          0x08000172   Section        0  __rtentry2.o(.ARM.Collect$$rtentry$$0000000C)
    .ARM.Collect$$rtentry$$0000000D          0x08000172   Section        8  __rtentry2.o(.ARM.Collect$$rtentry$$0000000D)
    .ARM.Collect$$rtexit$$00000000           0x0800017a   Section        2  rtexit.o(.ARM.Collect$$rtexit$$00000000)
    .ARM.Collect$$rtexit$$00000002           0x0800017c   Section        0  rtexit2.o(.ARM.Collect$$rtexit$$00000002)
    .ARM.Collect$$rtexit$$00000003           0x0800017c   Section        4  rtexit2.o(.ARM.Collect$$rtexit$$00000003)
    .ARM.Collect$$rtexit$$00000004           0x08000180   Section        6  rtexit2.o(.ARM.Collect$$rtexit$$00000004)
    .text                                    0x08000188   Section       64  startup_stm32f103xb.o(.text)
    .text                                    0x080001c8   Section       38  llushr.o(.text)
    .text                                    0x080001ee   Section      138  rt_memcpy_v6.o(.text)
    .text                                    0x08000278   Section       68  rt_memclr.o(.text)
    .text                                    0x080002bc   Section       78  rt_memclr_w.o(.text)
    .text                                    0x0800030a   Section        0  heapauxi.o(.text)
    .text                                    0x08000310   Section      100  rt_memcpy_w.o(.text)
    .text                                    0x08000374   Section       74  sys_stackheap_outer.o(.text)
    .text                                    0x080003be   Section        0  exit.o(.text)
    .text                                    0x080003d0   Section        8  libspace.o(.text)
    .text                                    0x080003d8   Section        0  sys_exit.o(.text)
    .text                                    0x080003e4   Section        2  use_no_semi.o(.text)
    .text                                    0x080003e6   Section        0  indicate_semi.o(.text)
    i.ADC1_2_IRQHandler                      0x080003e8   Section        0  stm32f1xx_it.o(i.ADC1_2_IRQHandler)
    i.ADC_ConversionStop_Disable             0x080003f4   Section        0  stm32f1xx_hal_adc.o(i.ADC_ConversionStop_Disable)
    i.ADC_DMAConvCplt                        0x0800044a   Section        0  stm32f1xx_hal_adc.o(i.ADC_DMAConvCplt)
    i.ADC_DMAError                           0x08000498   Section        0  stm32f1xx_hal_adc.o(i.ADC_DMAError)
    i.ADC_DMAHalfConvCplt                    0x080004b2   Section        0  stm32f1xx_hal_adc.o(i.ADC_DMAHalfConvCplt)
    i.ADC_Enable                             0x080004bc   Section        0  stm32f1xx_hal_adc.o(i.ADC_Enable)
    i.BusFault_Handler                       0x08000538   Section        0  stm32f1xx_it.o(i.BusFault_Handler)
    i.DMA1_Channel1_IRQHandler               0x0800053c   Section        0  stm32f1xx_it.o(i.DMA1_Channel1_IRQHandler)
    i.DMA1_Channel2_IRQHandler               0x08000548   Section        0  stm32f1xx_it.o(i.DMA1_Channel2_IRQHandler)
    i.DMA1_Channel6_IRQHandler               0x08000554   Section        0  stm32f1xx_it.o(i.DMA1_Channel6_IRQHandler)
    i.DMA_SetConfig                          0x08000560   Section        0  stm32f1xx_hal_dma.o(i.DMA_SetConfig)
    DMA_SetConfig                            0x08000561   Thumb Code    42  stm32f1xx_hal_dma.o(i.DMA_SetConfig)
    i.DebugMon_Handler                       0x0800058a   Section        0  stm32f1xx_it.o(i.DebugMon_Handler)
    i.EXTI0_IRQHandler                       0x0800058c   Section        0  stm32f1xx_it.o(i.EXTI0_IRQHandler)
    i.Error_Handler                          0x08000592   Section        0  main.o(i.Error_Handler)
    i.FLASH_MassErase                        0x08000598   Section        0  stm32f1xx_hal_flash_ex.o(i.FLASH_MassErase)
    FLASH_MassErase                          0x08000599   Thumb Code    26  stm32f1xx_hal_flash_ex.o(i.FLASH_MassErase)
    i.FLASH_PageErase                        0x080005bc   Section        0  stm32f1xx_hal_flash_ex.o(i.FLASH_PageErase)
    i.FLASH_Program_HalfWord                 0x080005e0   Section        0  stm32f1xx_hal_flash.o(i.FLASH_Program_HalfWord)
    FLASH_Program_HalfWord                   0x080005e1   Thumb Code    20  stm32f1xx_hal_flash.o(i.FLASH_Program_HalfWord)
    i.FLASH_SetErrorCode                     0x080005fc   Section        0  stm32f1xx_hal_flash.o(i.FLASH_SetErrorCode)
    FLASH_SetErrorCode                       0x080005fd   Thumb Code    84  stm32f1xx_hal_flash.o(i.FLASH_SetErrorCode)
    i.FLASH_WaitForLastOperation             0x08000658   Section        0  stm32f1xx_hal_flash.o(i.FLASH_WaitForLastOperation)
    i.HAL_ADCEx_InjectedConvCpltCallback     0x080006ac   Section        0  stm32f1xx_hal_adc_ex.o(i.HAL_ADCEx_InjectedConvCpltCallback)
    i.HAL_ADC_ConfigChannel                  0x080006b0   Section        0  stm32f1xx_hal_adc.o(i.HAL_ADC_ConfigChannel)
    i.HAL_ADC_ConvCpltCallback               0x080007ac   Section        0  stm32f1xx_hal_adc.o(i.HAL_ADC_ConvCpltCallback)
    i.HAL_ADC_ConvHalfCpltCallback           0x080007ae   Section        0  stm32f1xx_hal_adc.o(i.HAL_ADC_ConvHalfCpltCallback)
    i.HAL_ADC_ErrorCallback                  0x080007b0   Section        0  stm32f1xx_hal_adc.o(i.HAL_ADC_ErrorCallback)
    i.HAL_ADC_IRQHandler                     0x080007b2   Section        0  stm32f1xx_hal_adc.o(i.HAL_ADC_IRQHandler)
    i.HAL_ADC_Init                           0x08000890   Section        0  stm32f1xx_hal_adc.o(i.HAL_ADC_Init)
    i.HAL_ADC_LevelOutOfWindowCallback       0x080009ac   Section        0  stm32f1xx_hal_adc.o(i.HAL_ADC_LevelOutOfWindowCallback)
    i.HAL_ADC_MspInit                        0x080009b0   Section        0  stm32f1xx_hal_msp.o(i.HAL_ADC_MspInit)
    i.HAL_ADC_Start_DMA                      0x08000a4c   Section        0  stm32f1xx_hal_adc.o(i.HAL_ADC_Start_DMA)
    i.HAL_ADC_Stop_DMA                       0x08000b58   Section        0  stm32f1xx_hal_adc.o(i.HAL_ADC_Stop_DMA)
    i.HAL_DMA_Abort                          0x08000bae   Section        0  stm32f1xx_hal_dma.o(i.HAL_DMA_Abort)
    i.HAL_DMA_Abort_IT                       0x08000bf4   Section        0  stm32f1xx_hal_dma.o(i.HAL_DMA_Abort_IT)
    i.HAL_DMA_IRQHandler                     0x08000c8c   Section        0  stm32f1xx_hal_dma.o(i.HAL_DMA_IRQHandler)
    i.HAL_DMA_Init                           0x08000de0   Section        0  stm32f1xx_hal_dma.o(i.HAL_DMA_Init)
    i.HAL_DMA_Start_IT                       0x08000e3c   Section        0  stm32f1xx_hal_dma.o(i.HAL_DMA_Start_IT)
    i.HAL_Delay                              0x08000eac   Section        0  stm32f1xx_hal.o(i.HAL_Delay)
    i.HAL_FLASHEx_Erase                      0x08000ed0   Section        0  stm32f1xx_hal_flash_ex.o(i.HAL_FLASHEx_Erase)
    i.HAL_FLASH_GetError                     0x08000f78   Section        0  stm32f1xx_hal_flash.o(i.HAL_FLASH_GetError)
    i.HAL_FLASH_Lock                         0x08000f84   Section        0  stm32f1xx_hal_flash.o(i.HAL_FLASH_Lock)
    i.HAL_FLASH_Program                      0x08000f98   Section        0  stm32f1xx_hal_flash.o(i.HAL_FLASH_Program)
    i.HAL_FLASH_Unlock                       0x08001018   Section        0  stm32f1xx_hal_flash.o(i.HAL_FLASH_Unlock)
    i.HAL_GPIO_EXTI_Callback                 0x08001040   Section        0  stm32f1xx_hal_gpio.o(i.HAL_GPIO_EXTI_Callback)
    i.HAL_GPIO_EXTI_IRQHandler               0x08001044   Section        0  stm32f1xx_hal_gpio.o(i.HAL_GPIO_EXTI_IRQHandler)
    i.HAL_GPIO_Init                          0x0800105c   Section        0  stm32f1xx_hal_gpio.o(i.HAL_GPIO_Init)
    i.HAL_GPIO_ReadPin                       0x0800123c   Section        0  stm32f1xx_hal_gpio.o(i.HAL_GPIO_ReadPin)
    i.HAL_GPIO_WritePin                      0x08001246   Section        0  stm32f1xx_hal_gpio.o(i.HAL_GPIO_WritePin)
    i.HAL_GetTick                            0x08001250   Section        0  stm32f1xx_hal.o(i.HAL_GetTick)
    i.HAL_IncTick                            0x0800125c   Section        0  stm32f1xx_hal.o(i.HAL_IncTick)
    i.HAL_Init                               0x0800126c   Section        0  stm32f1xx_hal.o(i.HAL_Init)
    i.HAL_InitTick                           0x08001290   Section        0  stm32f1xx_hal.o(i.HAL_InitTick)
    i.HAL_MspInit                            0x080012d0   Section        0  stm32f1xx_hal_msp.o(i.HAL_MspInit)
    i.HAL_NVIC_EnableIRQ                     0x0800130c   Section        0  stm32f1xx_hal_cortex.o(i.HAL_NVIC_EnableIRQ)
    i.HAL_NVIC_SetPriority                   0x08001328   Section        0  stm32f1xx_hal_cortex.o(i.HAL_NVIC_SetPriority)
    i.HAL_NVIC_SetPriorityGrouping           0x08001368   Section        0  stm32f1xx_hal_cortex.o(i.HAL_NVIC_SetPriorityGrouping)
    i.HAL_PWR_EnterSLEEPMode                 0x0800138c   Section        0  stm32f1xx_hal_pwr.o(i.HAL_PWR_EnterSLEEPMode)
    i.HAL_RCCEx_PeriphCLKConfig              0x080013ac   Section        0  stm32f1xx_hal_rcc_ex.o(i.HAL_RCCEx_PeriphCLKConfig)
    i.HAL_RCC_ClockConfig                    0x08001498   Section        0  stm32f1xx_hal_rcc.o(i.HAL_RCC_ClockConfig)
    i.HAL_RCC_GetPCLK1Freq                   0x080015c4   Section        0  stm32f1xx_hal_rcc.o(i.HAL_RCC_GetPCLK1Freq)
    i.HAL_RCC_GetPCLK2Freq                   0x080015e4   Section        0  stm32f1xx_hal_rcc.o(i.HAL_RCC_GetPCLK2Freq)
    i.HAL_RCC_GetSysClockFreq                0x08001604   Section        0  stm32f1xx_hal_rcc.o(i.HAL_RCC_GetSysClockFreq)
    i.HAL_RCC_OscConfig                      0x08001650   Section        0  stm32f1xx_hal_rcc.o(i.HAL_RCC_OscConfig)
    i.HAL_ResumeTick                         0x08001970   Section        0  stm32f1xx_hal.o(i.HAL_ResumeTick)
    i.HAL_SYSTICK_Config                     0x0800197e   Section        0  stm32f1xx_hal_cortex.o(i.HAL_SYSTICK_Config)
    i.HAL_SuspendTick                        0x080019a6   Section        0  stm32f1xx_hal.o(i.HAL_SuspendTick)
    i.HAL_TIMEx_BreakCallback                0x080019b4   Section        0  stm32f1xx_hal_tim_ex.o(i.HAL_TIMEx_BreakCallback)
    i.HAL_TIMEx_CommutCallback               0x080019b6   Section        0  stm32f1xx_hal_tim_ex.o(i.HAL_TIMEx_CommutCallback)
    i.HAL_TIMEx_MasterConfigSynchronization  0x080019b8   Section        0  stm32f1xx_hal_tim_ex.o(i.HAL_TIMEx_MasterConfigSynchronization)
    i.HAL_TIM_Base_Init                      0x08001a20   Section        0  stm32f1xx_hal_tim.o(i.HAL_TIM_Base_Init)
    i.HAL_TIM_Base_MspInit                   0x08001a7c   Section        0  stm32f1xx_hal_msp.o(i.HAL_TIM_Base_MspInit)
    i.HAL_TIM_Base_Start_IT                  0x08001aec   Section        0  stm32f1xx_hal_tim.o(i.HAL_TIM_Base_Start_IT)
    i.HAL_TIM_Base_Stop_IT                   0x08001b44   Section        0  stm32f1xx_hal_tim.o(i.HAL_TIM_Base_Stop_IT)
    i.HAL_TIM_ConfigClockSource              0x08001b74   Section        0  stm32f1xx_hal_tim.o(i.HAL_TIM_ConfigClockSource)
    i.HAL_TIM_IC_CaptureCallback             0x08001c50   Section        0  stm32f1xx_hal_tim.o(i.HAL_TIM_IC_CaptureCallback)
    i.HAL_TIM_IRQHandler                     0x08001c52   Section        0  stm32f1xx_hal_tim.o(i.HAL_TIM_IRQHandler)
    i.HAL_TIM_OC_DelayElapsedCallback        0x08001db8   Section        0  stm32f1xx_hal_tim.o(i.HAL_TIM_OC_DelayElapsedCallback)
    i.HAL_TIM_PWM_PulseFinishedCallback      0x08001dba   Section        0  stm32f1xx_hal_tim.o(i.HAL_TIM_PWM_PulseFinishedCallback)
    i.HAL_TIM_PeriodElapsedCallback          0x08001dbc   Section        0  main.o(i.HAL_TIM_PeriodElapsedCallback)
    i.HAL_TIM_TriggerCallback                0x08001dcc   Section        0  stm32f1xx_hal_tim.o(i.HAL_TIM_TriggerCallback)
    i.HAL_UARTEx_ReceiveToIdle_DMA           0x08001dce   Section        0  stm32f1xx_hal_uart.o(i.HAL_UARTEx_ReceiveToIdle_DMA)
    i.HAL_UARTEx_RxEventCallback             0x08001e1c   Section        0  main.o(i.HAL_UARTEx_RxEventCallback)
    i.HAL_UART_ErrorCallback                 0x08001e74   Section        0  stm32f1xx_hal_uart.o(i.HAL_UART_ErrorCallback)
    i.HAL_UART_IRQHandler                    0x08001e78   Section        0  stm32f1xx_hal_uart.o(i.HAL_UART_IRQHandler)
    i.HAL_UART_Init                          0x080020e4   Section        0  stm32f1xx_hal_uart.o(i.HAL_UART_Init)
    i.HAL_UART_MspInit                       0x08002148   Section        0  stm32f1xx_hal_msp.o(i.HAL_UART_MspInit)
    i.HAL_UART_RxCpltCallback                0x080021f8   Section        0  stm32f1xx_hal_uart.o(i.HAL_UART_RxCpltCallback)
    i.HAL_UART_RxHalfCpltCallback            0x080021fa   Section        0  stm32f1xx_hal_uart.o(i.HAL_UART_RxHalfCpltCallback)
    i.HAL_UART_Transmit                      0x080021fc   Section        0  stm32f1xx_hal_uart.o(i.HAL_UART_Transmit)
    i.HAL_UART_TxCpltCallback                0x08002296   Section        0  stm32f1xx_hal_uart.o(i.HAL_UART_TxCpltCallback)
    i.HardFault_Handler                      0x08002298   Section        0  stm32f1xx_it.o(i.HardFault_Handler)
    i.MX_ADC1_Init                           0x0800229c   Section        0  main.o(i.MX_ADC1_Init)
    MX_ADC1_Init                             0x0800229d   Thumb Code    72  main.o(i.MX_ADC1_Init)
    i.MX_GPIO_Init                           0x080022ec   Section        0  main.o(i.MX_GPIO_Init)
    MX_GPIO_Init                             0x080022ed   Thumb Code   194  main.o(i.MX_GPIO_Init)
    i.MX_TIM2_Init                           0x080023c0   Section        0  main.o(i.MX_TIM2_Init)
    MX_TIM2_Init                             0x080023c1   Thumb Code    96  main.o(i.MX_TIM2_Init)
    i.MemManage_Handler                      0x08002424   Section        0  stm32f1xx_it.o(i.MemManage_Handler)
    i.NMI_Handler                            0x08002426   Section        0  stm32f1xx_it.o(i.NMI_Handler)
    i.PendSV_Handler                         0x08002428   Section        0  stm32f1xx_it.o(i.PendSV_Handler)
    i.SVC_Handler                            0x0800242a   Section        0  stm32f1xx_it.o(i.SVC_Handler)
    i.SysTick_Handler                        0x0800242c   Section        0  stm32f1xx_it.o(i.SysTick_Handler)
    i.SystemClock_Config                     0x08002430   Section        0  main.o(i.SystemClock_Config)
    SystemClock_Config                       0x08002431   Thumb Code   104  main.o(i.SystemClock_Config)
    i.SystemInit                             0x08002498   Section        0  system_stm32f1xx.o(i.SystemInit)
    i.TIM2_IRQHandler                        0x0800249c   Section        0  stm32f1xx_it.o(i.TIM2_IRQHandler)
    i.TIM_Base_SetConfig                     0x080024a8   Section        0  stm32f1xx_hal_tim.o(i.TIM_Base_SetConfig)
    i.TIM_ETR_SetConfig                      0x08002514   Section        0  stm32f1xx_hal_tim.o(i.TIM_ETR_SetConfig)
    i.TIM_ITRx_SetConfig                     0x08002528   Section        0  stm32f1xx_hal_tim.o(i.TIM_ITRx_SetConfig)
    TIM_ITRx_SetConfig                       0x08002529   Thumb Code    16  stm32f1xx_hal_tim.o(i.TIM_ITRx_SetConfig)
    i.TIM_TI1_ConfigInputStage               0x08002538   Section        0  stm32f1xx_hal_tim.o(i.TIM_TI1_ConfigInputStage)
    TIM_TI1_ConfigInputStage                 0x08002539   Thumb Code    34  stm32f1xx_hal_tim.o(i.TIM_TI1_ConfigInputStage)
    i.TIM_TI2_ConfigInputStage               0x0800255a   Section        0  stm32f1xx_hal_tim.o(i.TIM_TI2_ConfigInputStage)
    TIM_TI2_ConfigInputStage                 0x0800255b   Thumb Code    36  stm32f1xx_hal_tim.o(i.TIM_TI2_ConfigInputStage)
    i.UART_DMAAbortOnError                   0x0800257e   Section        0  stm32f1xx_hal_uart.o(i.UART_DMAAbortOnError)
    UART_DMAAbortOnError                     0x0800257f   Thumb Code    16  stm32f1xx_hal_uart.o(i.UART_DMAAbortOnError)
    i.UART_DMAError                          0x0800258e   Section        0  stm32f1xx_hal_uart.o(i.UART_DMAError)
    UART_DMAError                            0x0800258f   Thumb Code    74  stm32f1xx_hal_uart.o(i.UART_DMAError)
    i.UART_DMAReceiveCplt                    0x080025d8   Section        0  stm32f1xx_hal_uart.o(i.UART_DMAReceiveCplt)
    UART_DMAReceiveCplt                      0x080025d9   Thumb Code   134  stm32f1xx_hal_uart.o(i.UART_DMAReceiveCplt)
    i.UART_DMARxHalfCplt                     0x0800265e   Section        0  stm32f1xx_hal_uart.o(i.UART_DMARxHalfCplt)
    UART_DMARxHalfCplt                       0x0800265f   Thumb Code    30  stm32f1xx_hal_uart.o(i.UART_DMARxHalfCplt)
    i.UART_EndRxTransfer                     0x0800267c   Section        0  stm32f1xx_hal_uart.o(i.UART_EndRxTransfer)
    UART_EndRxTransfer                       0x0800267d   Thumb Code    78  stm32f1xx_hal_uart.o(i.UART_EndRxTransfer)
    i.UART_EndTxTransfer                     0x080026ca   Section        0  stm32f1xx_hal_uart.o(i.UART_EndTxTransfer)
    UART_EndTxTransfer                       0x080026cb   Thumb Code    28  stm32f1xx_hal_uart.o(i.UART_EndTxTransfer)
    i.UART_Receive_IT                        0x080026e6   Section        0  stm32f1xx_hal_uart.o(i.UART_Receive_IT)
    UART_Receive_IT                          0x080026e7   Thumb Code   194  stm32f1xx_hal_uart.o(i.UART_Receive_IT)
    i.UART_SetConfig                         0x080027a8   Section        0  stm32f1xx_hal_uart.o(i.UART_SetConfig)
    UART_SetConfig                           0x080027a9   Thumb Code   178  stm32f1xx_hal_uart.o(i.UART_SetConfig)
    i.UART_Start_Receive_DMA                 0x08002860   Section        0  stm32f1xx_hal_uart.o(i.UART_Start_Receive_DMA)
    i.UART_WaitOnFlagUntilTimeout            0x080028f0   Section        0  stm32f1xx_hal_uart.o(i.UART_WaitOnFlagUntilTimeout)
    UART_WaitOnFlagUntilTimeout              0x080028f1   Thumb Code   120  stm32f1xx_hal_uart.o(i.UART_WaitOnFlagUntilTimeout)
    i.USART2_IRQHandler                      0x08002968   Section        0  stm32f1xx_it.o(i.USART2_IRQHandler)
    i.UsageFault_Handler                     0x08002974   Section        0  stm32f1xx_it.o(i.UsageFault_Handler)
    i.__NVIC_SetPriority                     0x08002976   Section        0  stm32f1xx_hal_cortex.o(i.__NVIC_SetPriority)
    __NVIC_SetPriority                       0x08002977   Thumb Code    32  stm32f1xx_hal_cortex.o(i.__NVIC_SetPriority)
    i.b_is_end_node                          0x08002998   Section        0  addr.o(i.b_is_end_node)
    i.b_is_start_node                        0x080029ac   Section        0  addr.o(i.b_is_start_node)
    i.b_valve_check                          0x080029c8   Section        0  valve.o(i.b_valve_check)
    i.e_frame_check                          0x080029dc   Section        0  frame.o(i.e_frame_check)
    i.main                                   0x08002a54   Section        0  main.o(i.main)
    i.u16_timer_get                          0x08002b94   Section        0  main.o(i.u16_timer_get)
    i.u32_flash_write                        0x08002ba0   Section        0  flash.o(i.u32_flash_write)
    i.u8_flash_read                          0x08002bf4   Section        0  flash.o(i.u8_flash_read)
    i.u8_lora_set_option                     0x08002c04   Section        0  lora.o(i.u8_lora_set_option)
    i.u8_lora_set_sped                       0x08002c22   Section        0  lora.o(i.u8_lora_set_sped)
    i.u8_valve_get_state                     0x08002c38   Section        0  valve.o(i.u8_valve_get_state)
    i.v_Mcu_Sleep                            0x08002c84   Section        0  main.o(i.v_Mcu_Sleep)
    i.v_User_Init                            0x08002cc4   Section        0  main.o(i.v_User_Init)
    v_User_Init                              0x08002cc5   Thumb Code   128  main.o(i.v_User_Init)
    i.v_addr_continuous_setup                0x08002d54   Section        0  addr.o(i.v_addr_continuous_setup)
    i.v_addr_setup                           0x08002dbc   Section        0  addr.o(i.v_addr_setup)
    i.v_frame_build                          0x08002e54   Section        0  frame.o(i.v_frame_build)
    i.v_frame_read                           0x08002f2c   Section        0  frame.o(i.v_frame_read)
    i.v_frame_set_data                       0x08002f88   Section        0  frame.o(i.v_frame_set_data)
    i.v_lora_save_params                     0x08002fa4   Section        0  lora.o(i.v_lora_save_params)
    i.v_lora_send_frame                      0x08002ff8   Section        0  lora.o(i.v_lora_send_frame)
    i.v_lora_set_mode                        0x08003040   Section        0  lora.o(i.v_lora_set_mode)
    i.v_process_ctr_frame                    0x0800308c   Section        0  process.o(i.v_process_ctr_frame)
    i.v_process_rep_frame                    0x08003120   Section        0  process.o(i.v_process_rep_frame)
    i.v_process_wait_ack                     0x08003184   Section        0  process.o(i.v_process_wait_ack)
    i.v_process_wait_ctr                     0x08003204   Section        0  process.o(i.v_process_wait_ctr)
    i.v_process_wait_rep                     0x0800324c   Section        0  process.o(i.v_process_wait_rep)
    i.v_timer_reset                          0x08003288   Section        0  main.o(i.v_timer_reset)
    i.v_uart2_transmit                       0x08003294   Section        0  main.o(i.v_uart2_transmit)
    i.v_valve_control_port                   0x080032a8   Section        0  valve.o(i.v_valve_control_port)
    v_valve_control_port                     0x080032a9   Thumb Code   660  valve.o(i.v_valve_control_port)
    i.v_valve_control_u32                    0x08003544   Section        0  valve.o(i.v_valve_control_u32)
    .constdata                               0x08003594   Section       18  stm32f1xx_hal_rcc.o(.constdata)
    aPredivFactorTable                       0x08003594   Data           2  stm32f1xx_hal_rcc.o(.constdata)
    aPLLMULFactorTable                       0x08003596   Data          16  stm32f1xx_hal_rcc.o(.constdata)
    .constdata                               0x080035a6   Section       16  system_stm32f1xx.o(.constdata)
    .constdata                               0x080035b6   Section        8  system_stm32f1xx.o(.constdata)
    .data                                    0x20000000   Section        6  main.o(.data)
    b_process                                0x20000000   Data           1  main.o(.data)
    e_waiting_state                          0x20000001   Data           1  main.o(.data)
    u16_adc_value                            0x20000002   Data           2  main.o(.data)
    u16_timer_couter                         0x20000004   Data           2  main.o(.data)
    .data                                    0x20000006   Section        1  frame.o(.data)
    .data                                    0x20000007   Section        5  addr.o(.data)
    .data                                    0x2000000c   Section       12  stm32f1xx_hal.o(.data)
    .data                                    0x20000018   Section        4  system_stm32f1xx.o(.data)
    .bss                                     0x2000001c   Section      292  main.o(.bss)
    au8_dma_buf                              0x2000001c   Data          13  main.o(.bss)
    .bss                                     0x20000140   Section       68  main.o(.bss)
    .bss                                     0x20000184   Section       68  main.o(.bss)
    .bss                                     0x200001c8   Section       13  frame.o(.bss)
    .bss                                     0x200001d8   Section       32  stm32f1xx_hal_flash.o(.bss)
    .bss                                     0x200001f8   Section       96  libspace.o(.bss)
    HEAP                                     0x20000258   Section      512  startup_stm32f103xb.o(HEAP)
    Heap_Mem                                 0x20000258   Data         512  startup_stm32f103xb.o(HEAP)
    STACK                                    0x20000458   Section     1024  startup_stm32f103xb.o(STACK)
    Stack_Mem                                0x20000458   Data        1024  startup_stm32f103xb.o(STACK)
    __initial_sp                             0x20000858   Data           0  startup_stm32f103xb.o(STACK)

    Global Symbols

    Symbol Name                              Value     Ov Type        Size  Object(Section)

    BuildAttributes$$THM_ISAv4$P$D$K$B$S$PE$A:L22UL41UL21$X:L11$S22US41US21$IEEE1$IW$USESV6$~STKCKD$USESV7$~SHL$OSPACE$ROPI$EBA8$UX$STANDARDLIB$REQ8$PRES8$EABIv2 0x00000000   Number         0  anon$$obj.o ABSOLUTE
    __ARM_use_no_argv                        0x00000000   Number         0  main.o ABSOLUTE
    __ARM_exceptions_init                     - Undefined Weak Reference
    __alloca_initialize                       - Undefined Weak Reference
    __arm_fini_                               - Undefined Weak Reference
    __arm_preinit_                            - Undefined Weak Reference
    __cpp_initialize__aeabi_                  - Undefined Weak Reference
    __cxa_finalize                            - Undefined Weak Reference
    __rt_locale                               - Undefined Weak Reference
    __sigvec_lookup                           - Undefined Weak Reference
    _atexit_init                              - Undefined Weak Reference
    _call_atexit_fns                          - Undefined Weak Reference
    _clock_init                               - Undefined Weak Reference
    _fp_trap_init                             - Undefined Weak Reference
    _fp_trap_shutdown                         - Undefined Weak Reference
    _get_lc_collate                           - Undefined Weak Reference
    _get_lc_ctype                             - Undefined Weak Reference
    _get_lc_monetary                          - Undefined Weak Reference
    _get_lc_numeric                           - Undefined Weak Reference
    _get_lc_time                              - Undefined Weak Reference
    _getenv_init                              - Undefined Weak Reference
    _handle_redirection                       - Undefined Weak Reference
    _init_alloc                               - Undefined Weak Reference
    _init_user_alloc                          - Undefined Weak Reference
    _initio                                   - Undefined Weak Reference
    _rand_init                                - Undefined Weak Reference
    _signal_finish                            - Undefined Weak Reference
    _signal_init                              - Undefined Weak Reference
    _terminate_alloc                          - Undefined Weak Reference
    _terminate_user_alloc                     - Undefined Weak Reference
    _terminateio                              - Undefined Weak Reference
    __Vectors_Size                           0x000000ec   Number         0  startup_stm32f103xb.o ABSOLUTE
    __Vectors                                0x08000000   Data           4  startup_stm32f103xb.o(RESET)
    __Vectors_End                            0x080000ec   Data           0  startup_stm32f103xb.o(RESET)
    __main                                   0x080000ed   Thumb Code     8  __main.o(!!!main)
    __scatterload                            0x080000f5   Thumb Code     0  __scatter.o(!!!scatter)
    __scatterload_rt2                        0x080000f5   Thumb Code    44  __scatter.o(!!!scatter)
    __scatterload_rt2_thumb_only             0x080000f5   Thumb Code     0  __scatter.o(!!!scatter)
    __scatterload_null                       0x08000103   Thumb Code     0  __scatter.o(!!!scatter)
    __scatterload_copy                       0x08000129   Thumb Code    26  __scatter_copy.o(!!handler_copy)
    __scatterload_zeroinit                   0x08000145   Thumb Code    28  __scatter_zi.o(!!handler_zi)
    __rt_lib_init                            0x08000161   Thumb Code     0  libinit.o(.ARM.Collect$$libinit$$00000000)
    __rt_lib_init_alloca_1                   0x08000163   Thumb Code     0  libinit2.o(.ARM.Collect$$libinit$$0000002E)
    __rt_lib_init_argv_1                     0x08000163   Thumb Code     0  libinit2.o(.ARM.Collect$$libinit$$0000002C)
    __rt_lib_init_atexit_1                   0x08000163   Thumb Code     0  libinit2.o(.ARM.Collect$$libinit$$0000001B)
    __rt_lib_init_clock_1                    0x08000163   Thumb Code     0  libinit2.o(.ARM.Collect$$libinit$$00000021)
    __rt_lib_init_cpp_1                      0x08000163   Thumb Code     0  libinit2.o(.ARM.Collect$$libinit$$00000032)
    __rt_lib_init_exceptions_1               0x08000163   Thumb Code     0  libinit2.o(.ARM.Collect$$libinit$$00000030)
    __rt_lib_init_fp_1                       0x08000163   Thumb Code     0  libinit2.o(.ARM.Collect$$libinit$$00000002)
    __rt_lib_init_fp_trap_1                  0x08000163   Thumb Code     0  libinit2.o(.ARM.Collect$$libinit$$0000001F)
    __rt_lib_init_getenv_1                   0x08000163   Thumb Code     0  libinit2.o(.ARM.Collect$$libinit$$00000023)
    __rt_lib_init_heap_1                     0x08000163   Thumb Code     0  libinit2.o(.ARM.Collect$$libinit$$0000000A)
    __rt_lib_init_lc_collate_1               0x08000163   Thumb Code     0  libinit2.o(.ARM.Collect$$libinit$$00000011)
    __rt_lib_init_lc_ctype_1                 0x08000163   Thumb Code     0  libinit2.o(.ARM.Collect$$libinit$$00000013)
    __rt_lib_init_lc_monetary_1              0x08000163   Thumb Code     0  libinit2.o(.ARM.Collect$$libinit$$00000015)
    __rt_lib_init_lc_numeric_1               0x08000163   Thumb Code     0  libinit2.o(.ARM.Collect$$libinit$$00000017)
    __rt_lib_init_lc_time_1                  0x08000163   Thumb Code     0  libinit2.o(.ARM.Collect$$libinit$$00000019)
    __rt_lib_init_preinit_1                  0x08000163   Thumb Code     0  libinit2.o(.ARM.Collect$$libinit$$00000004)
    __rt_lib_init_rand_1                     0x08000163   Thumb Code     0  libinit2.o(.ARM.Collect$$libinit$$0000000E)
    __rt_lib_init_return                     0x08000163   Thumb Code     0  libinit2.o(.ARM.Collect$$libinit$$00000033)
    __rt_lib_init_signal_1                   0x08000163   Thumb Code     0  libinit2.o(.ARM.Collect$$libinit$$0000001D)
    __rt_lib_init_stdio_1                    0x08000163   Thumb Code     0  libinit2.o(.ARM.Collect$$libinit$$00000025)
    __rt_lib_init_user_alloc_1               0x08000163   Thumb Code     0  libinit2.o(.ARM.Collect$$libinit$$0000000C)
    __rt_lib_shutdown                        0x08000165   Thumb Code     0  libshutdown.o(.ARM.Collect$$libshutdown$$00000000)
    __rt_lib_shutdown_cpp_1                  0x08000167   Thumb Code     0  libshutdown2.o(.ARM.Collect$$libshutdown$$00000004)
    __rt_lib_shutdown_fini_1                 0x08000167   Thumb Code     0  libshutdown2.o(.ARM.Collect$$libshutdown$$00000002)
    __rt_lib_shutdown_fp_trap_1              0x08000167   Thumb Code     0  libshutdown2.o(.ARM.Collect$$libshutdown$$00000009)
    __rt_lib_shutdown_heap_1                 0x08000167   Thumb Code     0  libshutdown2.o(.ARM.Collect$$libshutdown$$00000011)
    __rt_lib_shutdown_return                 0x08000167   Thumb Code     0  libshutdown2.o(.ARM.Collect$$libshutdown$$00000012)
    __rt_lib_shutdown_signal_1               0x08000167   Thumb Code     0  libshutdown2.o(.ARM.Collect$$libshutdown$$0000000C)
    __rt_lib_shutdown_stdio_1                0x08000167   Thumb Code     0  libshutdown2.o(.ARM.Collect$$libshutdown$$00000006)
    __rt_lib_shutdown_user_alloc_1           0x08000167   Thumb Code     0  libshutdown2.o(.ARM.Collect$$libshutdown$$0000000E)
    __rt_entry                               0x08000169   Thumb Code     0  __rtentry.o(.ARM.Collect$$rtentry$$00000000)
    __rt_entry_presh_1                       0x08000169   Thumb Code     0  __rtentry2.o(.ARM.Collect$$rtentry$$00000002)
    __rt_entry_sh                            0x08000169   Thumb Code     0  __rtentry4.o(.ARM.Collect$$rtentry$$00000004)
    __rt_entry_li                            0x0800016f   Thumb Code     0  __rtentry2.o(.ARM.Collect$$rtentry$$0000000A)
    __rt_entry_postsh_1                      0x0800016f   Thumb Code     0  __rtentry2.o(.ARM.Collect$$rtentry$$00000009)
    __rt_entry_main                          0x08000173   Thumb Code     0  __rtentry2.o(.ARM.Collect$$rtentry$$0000000D)
    __rt_entry_postli_1                      0x08000173   Thumb Code     0  __rtentry2.o(.ARM.Collect$$rtentry$$0000000C)
    __rt_exit                                0x0800017b   Thumb Code     0  rtexit.o(.ARM.Collect$$rtexit$$00000000)
    __rt_exit_ls                             0x0800017d   Thumb Code     0  rtexit2.o(.ARM.Collect$$rtexit$$00000003)
    __rt_exit_prels_1                        0x0800017d   Thumb Code     0  rtexit2.o(.ARM.Collect$$rtexit$$00000002)
    __rt_exit_exit                           0x08000181   Thumb Code     0  rtexit2.o(.ARM.Collect$$rtexit$$00000004)
    Reset_Handler                            0x08000189   Thumb Code     8  startup_stm32f103xb.o(.text)
    CAN1_RX1_IRQHandler                      0x080001a3   Thumb Code     0  startup_stm32f103xb.o(.text)
    CAN1_SCE_IRQHandler                      0x080001a3   Thumb Code     0  startup_stm32f103xb.o(.text)
    DMA1_Channel3_IRQHandler                 0x080001a3   Thumb Code     0  startup_stm32f103xb.o(.text)
    DMA1_Channel4_IRQHandler                 0x080001a3   Thumb Code     0  startup_stm32f103xb.o(.text)
    DMA1_Channel5_IRQHandler                 0x080001a3   Thumb Code     0  startup_stm32f103xb.o(.text)
    DMA1_Channel7_IRQHandler                 0x080001a3   Thumb Code     0  startup_stm32f103xb.o(.text)
    EXTI15_10_IRQHandler                     0x080001a3   Thumb Code     0  startup_stm32f103xb.o(.text)
    EXTI1_IRQHandler                         0x080001a3   Thumb Code     0  startup_stm32f103xb.o(.text)
    EXTI2_IRQHandler                         0x080001a3   Thumb Code     0  startup_stm32f103xb.o(.text)
    EXTI3_IRQHandler                         0x080001a3   Thumb Code     0  startup_stm32f103xb.o(.text)
    EXTI4_IRQHandler                         0x080001a3   Thumb Code     0  startup_stm32f103xb.o(.text)
    EXTI9_5_IRQHandler                       0x080001a3   Thumb Code     0  startup_stm32f103xb.o(.text)
    FLASH_IRQHandler                         0x080001a3   Thumb Code     0  startup_stm32f103xb.o(.text)
    I2C1_ER_IRQHandler                       0x080001a3   Thumb Code     0  startup_stm32f103xb.o(.text)
    I2C1_EV_IRQHandler                       0x080001a3   Thumb Code     0  startup_stm32f103xb.o(.text)
    I2C2_ER_IRQHandler                       0x080001a3   Thumb Code     0  startup_stm32f103xb.o(.text)
    I2C2_EV_IRQHandler                       0x080001a3   Thumb Code     0  startup_stm32f103xb.o(.text)
    PVD_IRQHandler                           0x080001a3   Thumb Code     0  startup_stm32f103xb.o(.text)
    RCC_IRQHandler                           0x080001a3   Thumb Code     0  startup_stm32f103xb.o(.text)
    RTC_Alarm_IRQHandler                     0x080001a3   Thumb Code     0  startup_stm32f103xb.o(.text)
    RTC_IRQHandler                           0x080001a3   Thumb Code     0  startup_stm32f103xb.o(.text)
    SPI1_IRQHandler                          0x080001a3   Thumb Code     0  startup_stm32f103xb.o(.text)
    SPI2_IRQHandler                          0x080001a3   Thumb Code     0  startup_stm32f103xb.o(.text)
    TAMPER_IRQHandler                        0x080001a3   Thumb Code     0  startup_stm32f103xb.o(.text)
    TIM1_BRK_IRQHandler                      0x080001a3   Thumb Code     0  startup_stm32f103xb.o(.text)
    TIM1_CC_IRQHandler                       0x080001a3   Thumb Code     0  startup_stm32f103xb.o(.text)
    TIM1_TRG_COM_IRQHandler                  0x080001a3   Thumb Code     0  startup_stm32f103xb.o(.text)
    TIM1_UP_IRQHandler                       0x080001a3   Thumb Code     0  startup_stm32f103xb.o(.text)
    TIM3_IRQHandler                          0x080001a3   Thumb Code     0  startup_stm32f103xb.o(.text)
    TIM4_IRQHandler                          0x080001a3   Thumb Code     0  startup_stm32f103xb.o(.text)
    USART1_IRQHandler                        0x080001a3   Thumb Code     0  startup_stm32f103xb.o(.text)
    USART3_IRQHandler                        0x080001a3   Thumb Code     0  startup_stm32f103xb.o(.text)
    USBWakeUp_IRQHandler                     0x080001a3   Thumb Code     0  startup_stm32f103xb.o(.text)
    USB_HP_CAN1_TX_IRQHandler                0x080001a3   Thumb Code     0  startup_stm32f103xb.o(.text)
    USB_LP_CAN1_RX0_IRQHandler               0x080001a3   Thumb Code     0  startup_stm32f103xb.o(.text)
    WWDG_IRQHandler                          0x080001a3   Thumb Code     0  startup_stm32f103xb.o(.text)
    __user_initial_stackheap                 0x080001a5   Thumb Code     0  startup_stm32f103xb.o(.text)
    __aeabi_llsr                             0x080001c9   Thumb Code     0  llushr.o(.text)
    _ll_ushift_r                             0x080001c9   Thumb Code    38  llushr.o(.text)
    __aeabi_memcpy                           0x080001ef   Thumb Code     0  rt_memcpy_v6.o(.text)
    __rt_memcpy                              0x080001ef   Thumb Code   138  rt_memcpy_v6.o(.text)
    _memcpy_lastbytes                        0x08000255   Thumb Code     0  rt_memcpy_v6.o(.text)
    __aeabi_memclr                           0x08000279   Thumb Code     0  rt_memclr.o(.text)
    __rt_memclr                              0x08000279   Thumb Code    68  rt_memclr.o(.text)
    _memset                                  0x0800027d   Thumb Code     0  rt_memclr.o(.text)
    __aeabi_memclr4                          0x080002bd   Thumb Code     0  rt_memclr_w.o(.text)
    __aeabi_memclr8                          0x080002bd   Thumb Code     0  rt_memclr_w.o(.text)
    __rt_memclr_w                            0x080002bd   Thumb Code    78  rt_memclr_w.o(.text)
    _memset_w                                0x080002c1   Thumb Code     0  rt_memclr_w.o(.text)
    __use_two_region_memory                  0x0800030b   Thumb Code     2  heapauxi.o(.text)
    __rt_heap_escrow$2region                 0x0800030d   Thumb Code     2  heapauxi.o(.text)
    __rt_heap_expand$2region                 0x0800030f   Thumb Code     2  heapauxi.o(.text)
    __aeabi_memcpy4                          0x08000311   Thumb Code     0  rt_memcpy_w.o(.text)
    __aeabi_memcpy8                          0x08000311   Thumb Code     0  rt_memcpy_w.o(.text)
    __rt_memcpy_w                            0x08000311   Thumb Code   100  rt_memcpy_w.o(.text)
    _memcpy_lastbytes_aligned                0x08000359   Thumb Code     0  rt_memcpy_w.o(.text)
    __user_setup_stackheap                   0x08000375   Thumb Code    74  sys_stackheap_outer.o(.text)
    exit                                     0x080003bf   Thumb Code    18  exit.o(.text)
    __user_libspace                          0x080003d1   Thumb Code     8  libspace.o(.text)
    __user_perproc_libspace                  0x080003d1   Thumb Code     0  libspace.o(.text)
    __user_perthread_libspace                0x080003d1   Thumb Code     0  libspace.o(.text)
    _sys_exit                                0x080003d9   Thumb Code     8  sys_exit.o(.text)
    __I$use$semihosting                      0x080003e5   Thumb Code     0  use_no_semi.o(.text)
    __use_no_semihosting_swi                 0x080003e5   Thumb Code     2  use_no_semi.o(.text)
    __semihosting_library_function           0x080003e7   Thumb Code     0  indicate_semi.o(.text)
    ADC1_2_IRQHandler                        0x080003e9   Thumb Code     6  stm32f1xx_it.o(i.ADC1_2_IRQHandler)
    ADC_ConversionStop_Disable               0x080003f5   Thumb Code    86  stm32f1xx_hal_adc.o(i.ADC_ConversionStop_Disable)
    ADC_DMAConvCplt                          0x0800044b   Thumb Code    78  stm32f1xx_hal_adc.o(i.ADC_DMAConvCplt)
    ADC_DMAError                             0x08000499   Thumb Code    26  stm32f1xx_hal_adc.o(i.ADC_DMAError)
    ADC_DMAHalfConvCplt                      0x080004b3   Thumb Code    10  stm32f1xx_hal_adc.o(i.ADC_DMAHalfConvCplt)
    ADC_Enable                               0x080004bd   Thumb Code   114  stm32f1xx_hal_adc.o(i.ADC_Enable)
    BusFault_Handler                         0x08000539   Thumb Code     2  stm32f1xx_it.o(i.BusFault_Handler)
    DMA1_Channel1_IRQHandler                 0x0800053d   Thumb Code     6  stm32f1xx_it.o(i.DMA1_Channel1_IRQHandler)
    DMA1_Channel2_IRQHandler                 0x08000549   Thumb Code     6  stm32f1xx_it.o(i.DMA1_Channel2_IRQHandler)
    DMA1_Channel6_IRQHandler                 0x08000555   Thumb Code     6  stm32f1xx_it.o(i.DMA1_Channel6_IRQHandler)
    DebugMon_Handler                         0x0800058b   Thumb Code     2  stm32f1xx_it.o(i.DebugMon_Handler)
    EXTI0_IRQHandler                         0x0800058d   Thumb Code     6  stm32f1xx_it.o(i.EXTI0_IRQHandler)
    Error_Handler                            0x08000593   Thumb Code     4  main.o(i.Error_Handler)
    FLASH_PageErase                          0x080005bd   Thumb Code    28  stm32f1xx_hal_flash_ex.o(i.FLASH_PageErase)
    FLASH_WaitForLastOperation               0x08000659   Thumb Code    80  stm32f1xx_hal_flash.o(i.FLASH_WaitForLastOperation)
    HAL_ADCEx_InjectedConvCpltCallback       0x080006ad   Thumb Code     2  stm32f1xx_hal_adc_ex.o(i.HAL_ADCEx_InjectedConvCpltCallback)
    HAL_ADC_ConfigChannel                    0x080006b1   Thumb Code   240  stm32f1xx_hal_adc.o(i.HAL_ADC_ConfigChannel)
    HAL_ADC_ConvCpltCallback                 0x080007ad   Thumb Code     2  stm32f1xx_hal_adc.o(i.HAL_ADC_ConvCpltCallback)
    HAL_ADC_ConvHalfCpltCallback             0x080007af   Thumb Code     2  stm32f1xx_hal_adc.o(i.HAL_ADC_ConvHalfCpltCallback)
    HAL_ADC_ErrorCallback                    0x080007b1   Thumb Code     2  stm32f1xx_hal_adc.o(i.HAL_ADC_ErrorCallback)
    HAL_ADC_IRQHandler                       0x080007b3   Thumb Code   220  stm32f1xx_hal_adc.o(i.HAL_ADC_IRQHandler)
    HAL_ADC_Init                             0x08000891   Thumb Code   272  stm32f1xx_hal_adc.o(i.HAL_ADC_Init)
    HAL_ADC_LevelOutOfWindowCallback         0x080009ad   Thumb Code     2  stm32f1xx_hal_adc.o(i.HAL_ADC_LevelOutOfWindowCallback)
    HAL_ADC_MspInit                          0x080009b1   Thumb Code   136  stm32f1xx_hal_msp.o(i.HAL_ADC_MspInit)
    HAL_ADC_Start_DMA                        0x08000a4d   Thumb Code   246  stm32f1xx_hal_adc.o(i.HAL_ADC_Start_DMA)
    HAL_ADC_Stop_DMA                         0x08000b59   Thumb Code    86  stm32f1xx_hal_adc.o(i.HAL_ADC_Stop_DMA)
    HAL_DMA_Abort                            0x08000baf   Thumb Code    70  stm32f1xx_hal_dma.o(i.HAL_DMA_Abort)
    HAL_DMA_Abort_IT                         0x08000bf5   Thumb Code   148  stm32f1xx_hal_dma.o(i.HAL_DMA_Abort_IT)
    HAL_DMA_IRQHandler                       0x08000c8d   Thumb Code   316  stm32f1xx_hal_dma.o(i.HAL_DMA_IRQHandler)
    HAL_DMA_Init                             0x08000de1   Thumb Code    84  stm32f1xx_hal_dma.o(i.HAL_DMA_Init)
    HAL_DMA_Start_IT                         0x08000e3d   Thumb Code   112  stm32f1xx_hal_dma.o(i.HAL_DMA_Start_IT)
    HAL_Delay                                0x08000ead   Thumb Code    32  stm32f1xx_hal.o(i.HAL_Delay)
    HAL_FLASHEx_Erase                        0x08000ed1   Thumb Code   160  stm32f1xx_hal_flash_ex.o(i.HAL_FLASHEx_Erase)
    HAL_FLASH_GetError                       0x08000f79   Thumb Code     6  stm32f1xx_hal_flash.o(i.HAL_FLASH_GetError)
    HAL_FLASH_Lock                           0x08000f85   Thumb Code    14  stm32f1xx_hal_flash.o(i.HAL_FLASH_Lock)
    HAL_FLASH_Program                        0x08000f99   Thumb Code   120  stm32f1xx_hal_flash.o(i.HAL_FLASH_Program)
    HAL_FLASH_Unlock                         0x08001019   Thumb Code    28  stm32f1xx_hal_flash.o(i.HAL_FLASH_Unlock)
    HAL_GPIO_EXTI_Callback                   0x08001041   Thumb Code     2  stm32f1xx_hal_gpio.o(i.HAL_GPIO_EXTI_Callback)
    HAL_GPIO_EXTI_IRQHandler                 0x08001045   Thumb Code    18  stm32f1xx_hal_gpio.o(i.HAL_GPIO_EXTI_IRQHandler)
    HAL_GPIO_Init                            0x0800105d   Thumb Code   446  stm32f1xx_hal_gpio.o(i.HAL_GPIO_Init)
    HAL_GPIO_ReadPin                         0x0800123d   Thumb Code    10  stm32f1xx_hal_gpio.o(i.HAL_GPIO_ReadPin)
    HAL_GPIO_WritePin                        0x08001247   Thumb Code    10  stm32f1xx_hal_gpio.o(i.HAL_GPIO_WritePin)
    HAL_GetTick                              0x08001251   Thumb Code     6  stm32f1xx_hal.o(i.HAL_GetTick)
    HAL_IncTick                              0x0800125d   Thumb Code    12  stm32f1xx_hal.o(i.HAL_IncTick)
    HAL_Init                                 0x0800126d   Thumb Code    32  stm32f1xx_hal.o(i.HAL_Init)
    HAL_InitTick                             0x08001291   Thumb Code    54  stm32f1xx_hal.o(i.HAL_InitTick)
    HAL_MspInit                              0x080012d1   Thumb Code    52  stm32f1xx_hal_msp.o(i.HAL_MspInit)
    HAL_NVIC_EnableIRQ                       0x0800130d   Thumb Code    26  stm32f1xx_hal_cortex.o(i.HAL_NVIC_EnableIRQ)
    HAL_NVIC_SetPriority                     0x08001329   Thumb Code    60  stm32f1xx_hal_cortex.o(i.HAL_NVIC_SetPriority)
    HAL_NVIC_SetPriorityGrouping             0x08001369   Thumb Code    26  stm32f1xx_hal_cortex.o(i.HAL_NVIC_SetPriorityGrouping)
    HAL_PWR_EnterSLEEPMode                   0x0800138d   Thumb Code    26  stm32f1xx_hal_pwr.o(i.HAL_PWR_EnterSLEEPMode)
    HAL_RCCEx_PeriphCLKConfig                0x080013ad   Thumb Code   224  stm32f1xx_hal_rcc_ex.o(i.HAL_RCCEx_PeriphCLKConfig)
    HAL_RCC_ClockConfig                      0x08001499   Thumb Code   280  stm32f1xx_hal_rcc.o(i.HAL_RCC_ClockConfig)
    HAL_RCC_GetPCLK1Freq                     0x080015c5   Thumb Code    20  stm32f1xx_hal_rcc.o(i.HAL_RCC_GetPCLK1Freq)
    HAL_RCC_GetPCLK2Freq                     0x080015e5   Thumb Code    20  stm32f1xx_hal_rcc.o(i.HAL_RCC_GetPCLK2Freq)
    HAL_RCC_GetSysClockFreq                  0x08001605   Thumb Code    58  stm32f1xx_hal_rcc.o(i.HAL_RCC_GetSysClockFreq)
    HAL_RCC_OscConfig                        0x08001651   Thumb Code   778  stm32f1xx_hal_rcc.o(i.HAL_RCC_OscConfig)
    HAL_ResumeTick                           0x08001971   Thumb Code    14  stm32f1xx_hal.o(i.HAL_ResumeTick)
    HAL_SYSTICK_Config                       0x0800197f   Thumb Code    40  stm32f1xx_hal_cortex.o(i.HAL_SYSTICK_Config)
    HAL_SuspendTick                          0x080019a7   Thumb Code    14  stm32f1xx_hal.o(i.HAL_SuspendTick)
    HAL_TIMEx_BreakCallback                  0x080019b5   Thumb Code     2  stm32f1xx_hal_tim_ex.o(i.HAL_TIMEx_BreakCallback)
    HAL_TIMEx_CommutCallback                 0x080019b7   Thumb Code     2  stm32f1xx_hal_tim_ex.o(i.HAL_TIMEx_CommutCallback)
    HAL_TIMEx_MasterConfigSynchronization    0x080019b9   Thumb Code    92  stm32f1xx_hal_tim_ex.o(i.HAL_TIMEx_MasterConfigSynchronization)
    HAL_TIM_Base_Init                        0x08001a21   Thumb Code    90  stm32f1xx_hal_tim.o(i.HAL_TIM_Base_Init)
    HAL_TIM_Base_MspInit                     0x08001a7d   Thumb Code    98  stm32f1xx_hal_msp.o(i.HAL_TIM_Base_MspInit)
    HAL_TIM_Base_Start_IT                    0x08001aed   Thumb Code    76  stm32f1xx_hal_tim.o(i.HAL_TIM_Base_Start_IT)
    HAL_TIM_Base_Stop_IT                     0x08001b45   Thumb Code    48  stm32f1xx_hal_tim.o(i.HAL_TIM_Base_Stop_IT)
    HAL_TIM_ConfigClockSource                0x08001b75   Thumb Code   220  stm32f1xx_hal_tim.o(i.HAL_TIM_ConfigClockSource)
    HAL_TIM_IC_CaptureCallback               0x08001c51   Thumb Code     2  stm32f1xx_hal_tim.o(i.HAL_TIM_IC_CaptureCallback)
    HAL_TIM_IRQHandler                       0x08001c53   Thumb Code   358  stm32f1xx_hal_tim.o(i.HAL_TIM_IRQHandler)
    HAL_TIM_OC_DelayElapsedCallback          0x08001db9   Thumb Code     2  stm32f1xx_hal_tim.o(i.HAL_TIM_OC_DelayElapsedCallback)
    HAL_TIM_PWM_PulseFinishedCallback        0x08001dbb   Thumb Code     2  stm32f1xx_hal_tim.o(i.HAL_TIM_PWM_PulseFinishedCallback)
    HAL_TIM_PeriodElapsedCallback            0x08001dbd   Thumb Code    10  main.o(i.HAL_TIM_PeriodElapsedCallback)
    HAL_TIM_TriggerCallback                  0x08001dcd   Thumb Code     2  stm32f1xx_hal_tim.o(i.HAL_TIM_TriggerCallback)
    HAL_UARTEx_ReceiveToIdle_DMA             0x08001dcf   Thumb Code    78  stm32f1xx_hal_uart.o(i.HAL_UARTEx_ReceiveToIdle_DMA)
    HAL_UARTEx_RxEventCallback               0x08001e1d   Thumb Code    74  main.o(i.HAL_UARTEx_RxEventCallback)
    HAL_UART_ErrorCallback                   0x08001e75   Thumb Code     2  stm32f1xx_hal_uart.o(i.HAL_UART_ErrorCallback)
    HAL_UART_IRQHandler                      0x08001e79   Thumb Code   616  stm32f1xx_hal_uart.o(i.HAL_UART_IRQHandler)
    HAL_UART_Init                            0x080020e5   Thumb Code   100  stm32f1xx_hal_uart.o(i.HAL_UART_Init)
    HAL_UART_MspInit                         0x08002149   Thumb Code   154  stm32f1xx_hal_msp.o(i.HAL_UART_MspInit)
    HAL_UART_RxCpltCallback                  0x080021f9   Thumb Code     2  stm32f1xx_hal_uart.o(i.HAL_UART_RxCpltCallback)
    HAL_UART_RxHalfCpltCallback              0x080021fb   Thumb Code     2  stm32f1xx_hal_uart.o(i.HAL_UART_RxHalfCpltCallback)
    HAL_UART_Transmit                        0x080021fd   Thumb Code   154  stm32f1xx_hal_uart.o(i.HAL_UART_Transmit)
    HAL_UART_TxCpltCallback                  0x08002297   Thumb Code     2  stm32f1xx_hal_uart.o(i.HAL_UART_TxCpltCallback)
    HardFault_Handler                        0x08002299   Thumb Code     2  stm32f1xx_it.o(i.HardFault_Handler)
    MemManage_Handler                        0x08002425   Thumb Code     2  stm32f1xx_it.o(i.MemManage_Handler)
    NMI_Handler                              0x08002427   Thumb Code     2  stm32f1xx_it.o(i.NMI_Handler)
    PendSV_Handler                           0x08002429   Thumb Code     2  stm32f1xx_it.o(i.PendSV_Handler)
    SVC_Handler                              0x0800242b   Thumb Code     2  stm32f1xx_it.o(i.SVC_Handler)
    SysTick_Handler                          0x0800242d   Thumb Code     4  stm32f1xx_it.o(i.SysTick_Handler)
    SystemInit                               0x08002499   Thumb Code     2  system_stm32f1xx.o(i.SystemInit)
    TIM2_IRQHandler                          0x0800249d   Thumb Code     6  stm32f1xx_it.o(i.TIM2_IRQHandler)
    TIM_Base_SetConfig                       0x080024a9   Thumb Code    94  stm32f1xx_hal_tim.o(i.TIM_Base_SetConfig)
    TIM_ETR_SetConfig                        0x08002515   Thumb Code    20  stm32f1xx_hal_tim.o(i.TIM_ETR_SetConfig)
    UART_Start_Receive_DMA                   0x08002861   Thumb Code   130  stm32f1xx_hal_uart.o(i.UART_Start_Receive_DMA)
    USART2_IRQHandler                        0x08002969   Thumb Code     6  stm32f1xx_it.o(i.USART2_IRQHandler)
    UsageFault_Handler                       0x08002975   Thumb Code     2  stm32f1xx_it.o(i.UsageFault_Handler)
    b_is_end_node                            0x08002999   Thumb Code    16  addr.o(i.b_is_end_node)
    b_is_start_node                          0x080029ad   Thumb Code    24  addr.o(i.b_is_start_node)
    b_valve_check                            0x080029c9   Thumb Code    16  valve.o(i.b_valve_check)
    e_frame_check                            0x080029dd   Thumb Code    98  frame.o(i.e_frame_check)
    main                                     0x08002a55   Thumb Code   302  main.o(i.main)
    u16_timer_get                            0x08002b95   Thumb Code     6  main.o(i.u16_timer_get)
    u32_flash_write                          0x08002ba1   Thumb Code    78  flash.o(i.u32_flash_write)
    u8_flash_read                            0x08002bf5   Thumb Code    10  flash.o(i.u8_flash_read)
    u8_lora_set_option                       0x08002c05   Thumb Code    30  lora.o(i.u8_lora_set_option)
    u8_lora_set_sped                         0x08002c23   Thumb Code    20  lora.o(i.u8_lora_set_sped)
    u8_valve_get_state                       0x08002c39   Thumb Code    72  valve.o(i.u8_valve_get_state)
    v_Mcu_Sleep                              0x08002c85   Thumb Code    54  main.o(i.v_Mcu_Sleep)
    v_addr_continuous_setup                  0x08002d55   Thumb Code   100  addr.o(i.v_addr_continuous_setup)
    v_addr_setup                             0x08002dbd   Thumb Code   140  addr.o(i.v_addr_setup)
    v_frame_build                            0x08002e55   Thumb Code   194  frame.o(i.v_frame_build)
    v_frame_read                             0x08002f2d   Thumb Code    88  frame.o(i.v_frame_read)
    v_frame_set_data                         0x08002f89   Thumb Code    20  frame.o(i.v_frame_set_data)
    v_lora_save_params                       0x08002fa5   Thumb Code    72  lora.o(i.v_lora_save_params)
    v_lora_send_frame                        0x08002ff9   Thumb Code    68  lora.o(i.v_lora_send_frame)
    v_lora_set_mode                          0x08003041   Thumb Code    72  lora.o(i.v_lora_set_mode)
    v_process_ctr_frame                      0x0800308d   Thumb Code   132  process.o(i.v_process_ctr_frame)
    v_process_rep_frame                      0x08003121   Thumb Code    84  process.o(i.v_process_rep_frame)
    v_process_wait_ack                       0x08003185   Thumb Code   110  process.o(i.v_process_wait_ack)
    v_process_wait_ctr                       0x08003205   Thumb Code    68  process.o(i.v_process_wait_ctr)
    v_process_wait_rep                       0x0800324d   Thumb Code    54  process.o(i.v_process_wait_rep)
    v_timer_reset                            0x08003289   Thumb Code     8  main.o(i.v_timer_reset)
    v_uart2_transmit                         0x08003295   Thumb Code    14  main.o(i.v_uart2_transmit)
    v_valve_control_u32                      0x08003545   Thumb Code    76  valve.o(i.v_valve_control_u32)
    AHBPrescTable                            0x080035a6   Data          16  system_stm32f1xx.o(.constdata)
    APBPrescTable                            0x080035b6   Data           8  system_stm32f1xx.o(.constdata)
    Region$$Table$$Base                      0x080035c0   Number         0  anon$$obj.o(Region$$Table)
    Region$$Table$$Limit                     0x080035e0   Number         0  anon$$obj.o(Region$$Table)
    u8_frame_size                            0x20000006   Data           1  frame.o(.data)
    u8_addr_low                              0x20000007   Data           1  addr.o(.data)
    u8_addr_high                             0x20000008   Data           1  addr.o(.data)
    u8_addr_channel                          0x20000009   Data           1  addr.o(.data)
    u8_addr_next                             0x2000000a   Data           1  addr.o(.data)
    u8_addr_prev                             0x2000000b   Data           1  addr.o(.data)
    uwTickFreq                               0x2000000c   Data           1  stm32f1xx_hal.o(.data)
    uwTickPrio                               0x20000010   Data           4  stm32f1xx_hal.o(.data)
    uwTick                                   0x20000014   Data           4  stm32f1xx_hal.o(.data)
    SystemCoreClock                          0x20000018   Data           4  system_stm32f1xx.o(.data)
    hadc1                                    0x2000002c   Data          48  main.o(.bss)
    htim2                                    0x2000005c   Data          72  main.o(.bss)
    huart2                                   0x200000a4   Data          72  main.o(.bss)
    hdma_usart2_rx                           0x200000ec   Data          68  main.o(.bss)
    stru_frame                               0x20000130   Data          16  main.o(.bss)
    hdma_adc1                                0x20000140   Data          68  main.o(.bss)
    hdma_tim2_up                             0x20000184   Data          68  main.o(.bss)
    au8_frame_data                           0x200001c8   Data          13  frame.o(.bss)
    pFlash                                   0x200001d8   Data          32  stm32f1xx_hal_flash.o(.bss)
    __libspace_start                         0x200001f8   Data          96  libspace.o(.bss)
    __temporary_stack_top$libspace           0x20000258   Data           0  libspace.o(.bss)



==============================================================================

Memory Map of the image

  Image Entry point : 0x080000ed

  Load Region LR_IROM1 (Base: 0x08000000, Size: 0x000035fc, Max: 0x00010000, ABSOLUTE)

    Execution Region ER_IROM1 (Exec base: 0x08000000, Load base: 0x08000000, Size: 0x000035e0, Max: 0x00010000, ABSOLUTE)

    Exec Addr    Load Addr    Size         Type   Attr      Idx    E Section Name        Object

    0x08000000   0x08000000   0x000000ec   Data   RO            3    RESET               startup_stm32f103xb.o
    0x080000ec   0x080000ec   0x00000008   Code   RO         3482  * !!!main             c_w.l(__main.o)
    0x080000f4   0x080000f4   0x00000034   Code   RO         3674    !!!scatter          c_w.l(__scatter.o)
    0x08000128   0x08000128   0x0000001a   Code   RO         3676    !!handler_copy      c_w.l(__scatter_copy.o)
    0x08000142   0x08000142   0x00000002   PAD
    0x08000144   0x08000144   0x0000001c   Code   RO         3678    !!handler_zi        c_w.l(__scatter_zi.o)
    0x08000160   0x08000160   0x00000002   Code   RO         3540    .ARM.Collect$$libinit$$00000000  c_w.l(libinit.o)
    0x08000162   0x08000162   0x00000000   Code   RO         3549    .ARM.Collect$$libinit$$00000002  c_w.l(libinit2.o)
    0x08000162   0x08000162   0x00000000   Code   RO         3551    .ARM.Collect$$libinit$$00000004  c_w.l(libinit2.o)
    0x08000162   0x08000162   0x00000000   Code   RO         3554    .ARM.Collect$$libinit$$0000000A  c_w.l(libinit2.o)
    0x08000162   0x08000162   0x00000000   Code   RO         3556    .ARM.Collect$$libinit$$0000000C  c_w.l(libinit2.o)
    0x08000162   0x08000162   0x00000000   Code   RO         3558    .ARM.Collect$$libinit$$0000000E  c_w.l(libinit2.o)
    0x08000162   0x08000162   0x00000000   Code   RO         3561    .ARM.Collect$$libinit$$00000011  c_w.l(libinit2.o)
    0x08000162   0x08000162   0x00000000   Code   RO         3563    .ARM.Collect$$libinit$$00000013  c_w.l(libinit2.o)
    0x08000162   0x08000162   0x00000000   Code   RO         3565    .ARM.Collect$$libinit$$00000015  c_w.l(libinit2.o)
    0x08000162   0x08000162   0x00000000   Code   RO         3567    .ARM.Collect$$libinit$$00000017  c_w.l(libinit2.o)
    0x08000162   0x08000162   0x00000000   Code   RO         3569    .ARM.Collect$$libinit$$00000019  c_w.l(libinit2.o)
    0x08000162   0x08000162   0x00000000   Code   RO         3571    .ARM.Collect$$libinit$$0000001B  c_w.l(libinit2.o)
    0x08000162   0x08000162   0x00000000   Code   RO         3573    .ARM.Collect$$libinit$$0000001D  c_w.l(libinit2.o)
    0x08000162   0x08000162   0x00000000   Code   RO         3575    .ARM.Collect$$libinit$$0000001F  c_w.l(libinit2.o)
    0x08000162   0x08000162   0x00000000   Code   RO         3577    .ARM.Collect$$libinit$$00000021  c_w.l(libinit2.o)
    0x08000162   0x08000162   0x00000000   Code   RO         3579    .ARM.Collect$$libinit$$00000023  c_w.l(libinit2.o)
    0x08000162   0x08000162   0x00000000   Code   RO         3581    .ARM.Collect$$libinit$$00000025  c_w.l(libinit2.o)
    0x08000162   0x08000162   0x00000000   Code   RO         3585    .ARM.Collect$$libinit$$0000002C  c_w.l(libinit2.o)
    0x08000162   0x08000162   0x00000000   Code   RO         3587    .ARM.Collect$$libinit$$0000002E  c_w.l(libinit2.o)
    0x08000162   0x08000162   0x00000000   Code   RO         3589    .ARM.Collect$$libinit$$00000030  c_w.l(libinit2.o)
    0x08000162   0x08000162   0x00000000   Code   RO         3591    .ARM.Collect$$libinit$$00000032  c_w.l(libinit2.o)
    0x08000162   0x08000162   0x00000002   Code   RO         3592    .ARM.Collect$$libinit$$00000033  c_w.l(libinit2.o)
    0x08000164   0x08000164   0x00000002   Code   RO         3612    .ARM.Collect$$libshutdown$$00000000  c_w.l(libshutdown.o)
    0x08000166   0x08000166   0x00000000   Code   RO         3625    .ARM.Collect$$libshutdown$$00000002  c_w.l(libshutdown2.o)
    0x08000166   0x08000166   0x00000000   Code   RO         3627    .ARM.Collect$$libshutdown$$00000004  c_w.l(libshutdown2.o)
    0x08000166   0x08000166   0x00000000   Code   RO         3629    .ARM.Collect$$libshutdown$$00000006  c_w.l(libshutdown2.o)
    0x08000166   0x08000166   0x00000000   Code   RO         3632    .ARM.Collect$$libshutdown$$00000009  c_w.l(libshutdown2.o)
    0x08000166   0x08000166   0x00000000   Code   RO         3635    .ARM.Collect$$libshutdown$$0000000C  c_w.l(libshutdown2.o)
    0x08000166   0x08000166   0x00000000   Code   RO         3637    .ARM.Collect$$libshutdown$$0000000E  c_w.l(libshutdown2.o)
    0x08000166   0x08000166   0x00000000   Code   RO         3640    .ARM.Collect$$libshutdown$$00000011  c_w.l(libshutdown2.o)
    0x08000166   0x08000166   0x00000002   Code   RO         3641    .ARM.Collect$$libshutdown$$00000012  c_w.l(libshutdown2.o)
    0x08000168   0x08000168   0x00000000   Code   RO         3504    .ARM.Collect$$rtentry$$00000000  c_w.l(__rtentry.o)
    0x08000168   0x08000168   0x00000000   Code   RO         3515    .ARM.Collect$$rtentry$$00000002  c_w.l(__rtentry2.o)
    0x08000168   0x08000168   0x00000006   Code   RO         3527    .ARM.Collect$$rtentry$$00000004  c_w.l(__rtentry4.o)
    0x0800016e   0x0800016e   0x00000000   Code   RO         3517    .ARM.Collect$$rtentry$$00000009  c_w.l(__rtentry2.o)
    0x0800016e   0x0800016e   0x00000004   Code   RO         3518    .ARM.Collect$$rtentry$$0000000A  c_w.l(__rtentry2.o)
    0x08000172   0x08000172   0x00000000   Code   RO         3520    .ARM.Collect$$rtentry$$0000000C  c_w.l(__rtentry2.o)
    0x08000172   0x08000172   0x00000008   Code   RO         3521    .ARM.Collect$$rtentry$$0000000D  c_w.l(__rtentry2.o)
    0x0800017a   0x0800017a   0x00000002   Code   RO         3546    .ARM.Collect$$rtexit$$00000000  c_w.l(rtexit.o)
    0x0800017c   0x0800017c   0x00000000   Code   RO         3594    .ARM.Collect$$rtexit$$00000002  c_w.l(rtexit2.o)
    0x0800017c   0x0800017c   0x00000004   Code   RO         3595    .ARM.Collect$$rtexit$$00000003  c_w.l(rtexit2.o)
    0x08000180   0x08000180   0x00000006   Code   RO         3596    .ARM.Collect$$rtexit$$00000004  c_w.l(rtexit2.o)
    0x08000186   0x08000186   0x00000002   PAD
    0x08000188   0x08000188   0x00000040   Code   RO            4    .text               startup_stm32f103xb.o
    0x080001c8   0x080001c8   0x00000026   Code   RO         3472    .text               c_w.l(llushr.o)
    0x080001ee   0x080001ee   0x0000008a   Code   RO         3474    .text               c_w.l(rt_memcpy_v6.o)
    0x08000278   0x08000278   0x00000044   Code   RO         3476    .text               c_w.l(rt_memclr.o)
    0x080002bc   0x080002bc   0x0000004e   Code   RO         3478    .text               c_w.l(rt_memclr_w.o)
    0x0800030a   0x0800030a   0x00000006   Code   RO         3480    .text               c_w.l(heapauxi.o)
    0x08000310   0x08000310   0x00000064   Code   RO         3505    .text               c_w.l(rt_memcpy_w.o)
    0x08000374   0x08000374   0x0000004a   Code   RO         3531    .text               c_w.l(sys_stackheap_outer.o)
    0x080003be   0x080003be   0x00000012   Code   RO         3533    .text               c_w.l(exit.o)
    0x080003d0   0x080003d0   0x00000008   Code   RO         3543    .text               c_w.l(libspace.o)
    0x080003d8   0x080003d8   0x0000000c   Code   RO         3604    .text               c_w.l(sys_exit.o)
    0x080003e4   0x080003e4   0x00000002   Code   RO         3615    .text               c_w.l(use_no_semi.o)
    0x080003e6   0x080003e6   0x00000000   Code   RO         3617    .text               c_w.l(indicate_semi.o)
    0x080003e6   0x080003e6   0x00000002   PAD
    0x080003e8   0x080003e8   0x0000000c   Code   RO          229    i.ADC1_2_IRQHandler  stm32f1xx_it.o
    0x080003f4   0x080003f4   0x00000056   Code   RO          846    i.ADC_ConversionStop_Disable  stm32f1xx_hal_adc.o
    0x0800044a   0x0800044a   0x0000004e   Code   RO          847    i.ADC_DMAConvCplt   stm32f1xx_hal_adc.o
    0x08000498   0x08000498   0x0000001a   Code   RO          848    i.ADC_DMAError      stm32f1xx_hal_adc.o
    0x080004b2   0x080004b2   0x0000000a   Code   RO          849    i.ADC_DMAHalfConvCplt  stm32f1xx_hal_adc.o
    0x080004bc   0x080004bc   0x0000007c   Code   RO          850    i.ADC_Enable        stm32f1xx_hal_adc.o
    0x08000538   0x08000538   0x00000002   Code   RO          230    i.BusFault_Handler  stm32f1xx_it.o
    0x0800053a   0x0800053a   0x00000002   PAD
    0x0800053c   0x0800053c   0x0000000c   Code   RO          231    i.DMA1_Channel1_IRQHandler  stm32f1xx_it.o
    0x08000548   0x08000548   0x0000000c   Code   RO          232    i.DMA1_Channel2_IRQHandler  stm32f1xx_it.o
    0x08000554   0x08000554   0x0000000c   Code   RO          233    i.DMA1_Channel6_IRQHandler  stm32f1xx_it.o
    0x08000560   0x08000560   0x0000002a   Code   RO         1502    i.DMA_SetConfig     stm32f1xx_hal_dma.o
    0x0800058a   0x0800058a   0x00000002   Code   RO          234    i.DebugMon_Handler  stm32f1xx_it.o
    0x0800058c   0x0800058c   0x00000006   Code   RO          235    i.EXTI0_IRQHandler  stm32f1xx_it.o
    0x08000592   0x08000592   0x00000004   Code   RO           13    i.Error_Handler     main.o
    0x08000596   0x08000596   0x00000002   PAD
    0x08000598   0x08000598   0x00000024   Code   RO         1942    i.FLASH_MassErase   stm32f1xx_hal_flash_ex.o
    0x080005bc   0x080005bc   0x00000024   Code   RO         1947    i.FLASH_PageErase   stm32f1xx_hal_flash_ex.o
    0x080005e0   0x080005e0   0x0000001c   Code   RO         1839    i.FLASH_Program_HalfWord  stm32f1xx_hal_flash.o
    0x080005fc   0x080005fc   0x0000005c   Code   RO         1840    i.FLASH_SetErrorCode  stm32f1xx_hal_flash.o
    0x08000658   0x08000658   0x00000054   Code   RO         1841    i.FLASH_WaitForLastOperation  stm32f1xx_hal_flash.o
    0x080006ac   0x080006ac   0x00000002   Code   RO         1028    i.HAL_ADCEx_InjectedConvCpltCallback  stm32f1xx_hal_adc_ex.o
    0x080006ae   0x080006ae   0x00000002   PAD
    0x080006b0   0x080006b0   0x000000fc   Code   RO          852    i.HAL_ADC_ConfigChannel  stm32f1xx_hal_adc.o
    0x080007ac   0x080007ac   0x00000002   Code   RO          853    i.HAL_ADC_ConvCpltCallback  stm32f1xx_hal_adc.o
    0x080007ae   0x080007ae   0x00000002   Code   RO          854    i.HAL_ADC_ConvHalfCpltCallback  stm32f1xx_hal_adc.o
    0x080007b0   0x080007b0   0x00000002   Code   RO          856    i.HAL_ADC_ErrorCallback  stm32f1xx_hal_adc.o
    0x080007b2   0x080007b2   0x000000dc   Code   RO          860    i.HAL_ADC_IRQHandler  stm32f1xx_hal_adc.o
    0x0800088e   0x0800088e   0x00000002   PAD
    0x08000890   0x08000890   0x0000011c   Code   RO          861    i.HAL_ADC_Init      stm32f1xx_hal_adc.o
    0x080009ac   0x080009ac   0x00000002   Code   RO          862    i.HAL_ADC_LevelOutOfWindowCallback  stm32f1xx_hal_adc.o
    0x080009ae   0x080009ae   0x00000002   PAD
    0x080009b0   0x080009b0   0x0000009c   Code   RO          435    i.HAL_ADC_MspInit   stm32f1xx_hal_msp.o
    0x08000a4c   0x08000a4c   0x0000010c   Code   RO          868    i.HAL_ADC_Start_DMA  stm32f1xx_hal_adc.o
    0x08000b58   0x08000b58   0x00000056   Code   RO          871    i.HAL_ADC_Stop_DMA  stm32f1xx_hal_adc.o
    0x08000bae   0x08000bae   0x00000046   Code   RO         1503    i.HAL_DMA_Abort     stm32f1xx_hal_dma.o
    0x08000bf4   0x08000bf4   0x00000098   Code   RO         1504    i.HAL_DMA_Abort_IT  stm32f1xx_hal_dma.o
    0x08000c8c   0x08000c8c   0x00000154   Code   RO         1508    i.HAL_DMA_IRQHandler  stm32f1xx_hal_dma.o
    0x08000de0   0x08000de0   0x0000005c   Code   RO         1509    i.HAL_DMA_Init      stm32f1xx_hal_dma.o
    0x08000e3c   0x08000e3c   0x00000070   Code   RO         1513    i.HAL_DMA_Start_IT  stm32f1xx_hal_dma.o
    0x08000eac   0x08000eac   0x00000024   Code   RO         1129    i.HAL_Delay         stm32f1xx_hal.o
    0x08000ed0   0x08000ed0   0x000000a8   Code   RO         1948    i.HAL_FLASHEx_Erase  stm32f1xx_hal_flash_ex.o
    0x08000f78   0x08000f78   0x0000000c   Code   RO         1843    i.HAL_FLASH_GetError  stm32f1xx_hal_flash.o
    0x08000f84   0x08000f84   0x00000014   Code   RO         1845    i.HAL_FLASH_Lock    stm32f1xx_hal_flash.o
    0x08000f98   0x08000f98   0x00000080   Code   RO         1850    i.HAL_FLASH_Program  stm32f1xx_hal_flash.o
    0x08001018   0x08001018   0x00000028   Code   RO         1852    i.HAL_FLASH_Unlock  stm32f1xx_hal_flash.o
    0x08001040   0x08001040   0x00000002   Code   RO         1437    i.HAL_GPIO_EXTI_Callback  stm32f1xx_hal_gpio.o
    0x08001042   0x08001042   0x00000002   PAD
    0x08001044   0x08001044   0x00000018   Code   RO         1438    i.HAL_GPIO_EXTI_IRQHandler  stm32f1xx_hal_gpio.o
    0x0800105c   0x0800105c   0x000001e0   Code   RO         1439    i.HAL_GPIO_Init     stm32f1xx_hal_gpio.o
    0x0800123c   0x0800123c   0x0000000a   Code   RO         1441    i.HAL_GPIO_ReadPin  stm32f1xx_hal_gpio.o
    0x08001246   0x08001246   0x0000000a   Code   RO         1443    i.HAL_GPIO_WritePin  stm32f1xx_hal_gpio.o
    0x08001250   0x08001250   0x0000000c   Code   RO         1133    i.HAL_GetTick       stm32f1xx_hal.o
    0x0800125c   0x0800125c   0x00000010   Code   RO         1139    i.HAL_IncTick       stm32f1xx_hal.o
    0x0800126c   0x0800126c   0x00000024   Code   RO         1140    i.HAL_Init          stm32f1xx_hal.o
    0x08001290   0x08001290   0x00000040   Code   RO         1141    i.HAL_InitTick      stm32f1xx_hal.o
    0x080012d0   0x080012d0   0x0000003c   Code   RO          436    i.HAL_MspInit       stm32f1xx_hal_msp.o
    0x0800130c   0x0800130c   0x0000001a   Code   RO         1599    i.HAL_NVIC_EnableIRQ  stm32f1xx_hal_cortex.o
    0x08001326   0x08001326   0x00000002   PAD
    0x08001328   0x08001328   0x00000040   Code   RO         1605    i.HAL_NVIC_SetPriority  stm32f1xx_hal_cortex.o
    0x08001368   0x08001368   0x00000024   Code   RO         1606    i.HAL_NVIC_SetPriorityGrouping  stm32f1xx_hal_cortex.o
    0x0800138c   0x0800138c   0x00000020   Code   RO         1726    i.HAL_PWR_EnterSLEEPMode  stm32f1xx_hal_pwr.o
    0x080013ac   0x080013ac   0x000000ec   Code   RO         1401    i.HAL_RCCEx_PeriphCLKConfig  stm32f1xx_hal_rcc_ex.o
    0x08001498   0x08001498   0x0000012c   Code   RO         1297    i.HAL_RCC_ClockConfig  stm32f1xx_hal_rcc.o
    0x080015c4   0x080015c4   0x00000020   Code   RO         1304    i.HAL_RCC_GetPCLK1Freq  stm32f1xx_hal_rcc.o
    0x080015e4   0x080015e4   0x00000020   Code   RO         1305    i.HAL_RCC_GetPCLK2Freq  stm32f1xx_hal_rcc.o
    0x08001604   0x08001604   0x0000004c   Code   RO         1306    i.HAL_RCC_GetSysClockFreq  stm32f1xx_hal_rcc.o
    0x08001650   0x08001650   0x00000320   Code   RO         1309    i.HAL_RCC_OscConfig  stm32f1xx_hal_rcc.o
    0x08001970   0x08001970   0x0000000e   Code   RO         1144    i.HAL_ResumeTick    stm32f1xx_hal.o
    0x0800197e   0x0800197e   0x00000028   Code   RO         1610    i.HAL_SYSTICK_Config  stm32f1xx_hal_cortex.o
    0x080019a6   0x080019a6   0x0000000e   Code   RO         1146    i.HAL_SuspendTick   stm32f1xx_hal.o
    0x080019b4   0x080019b4   0x00000002   Code   RO         2805    i.HAL_TIMEx_BreakCallback  stm32f1xx_hal_tim_ex.o
    0x080019b6   0x080019b6   0x00000002   Code   RO         2806    i.HAL_TIMEx_CommutCallback  stm32f1xx_hal_tim_ex.o
    0x080019b8   0x080019b8   0x00000068   Code   RO         2824    i.HAL_TIMEx_MasterConfigSynchronization  stm32f1xx_hal_tim_ex.o
    0x08001a20   0x08001a20   0x0000005a   Code   RO         2101    i.HAL_TIM_Base_Init  stm32f1xx_hal_tim.o
    0x08001a7a   0x08001a7a   0x00000002   PAD
    0x08001a7c   0x08001a7c   0x00000070   Code   RO          438    i.HAL_TIM_Base_MspInit  stm32f1xx_hal_msp.o
    0x08001aec   0x08001aec   0x00000058   Code   RO         2106    i.HAL_TIM_Base_Start_IT  stm32f1xx_hal_tim.o
    0x08001b44   0x08001b44   0x00000030   Code   RO         2109    i.HAL_TIM_Base_Stop_IT  stm32f1xx_hal_tim.o
    0x08001b74   0x08001b74   0x000000dc   Code   RO         2110    i.HAL_TIM_ConfigClockSource  stm32f1xx_hal_tim.o
    0x08001c50   0x08001c50   0x00000002   Code   RO         2135    i.HAL_TIM_IC_CaptureCallback  stm32f1xx_hal_tim.o
    0x08001c52   0x08001c52   0x00000166   Code   RO         2149    i.HAL_TIM_IRQHandler  stm32f1xx_hal_tim.o
    0x08001db8   0x08001db8   0x00000002   Code   RO         2152    i.HAL_TIM_OC_DelayElapsedCallback  stm32f1xx_hal_tim.o
    0x08001dba   0x08001dba   0x00000002   Code   RO         2179    i.HAL_TIM_PWM_PulseFinishedCallback  stm32f1xx_hal_tim.o
    0x08001dbc   0x08001dbc   0x00000010   Code   RO           14    i.HAL_TIM_PeriodElapsedCallback  main.o
    0x08001dcc   0x08001dcc   0x00000002   Code   RO         2192    i.HAL_TIM_TriggerCallback  stm32f1xx_hal_tim.o
    0x08001dce   0x08001dce   0x0000004e   Code   RO         3082    i.HAL_UARTEx_ReceiveToIdle_DMA  stm32f1xx_hal_uart.o
    0x08001e1c   0x08001e1c   0x00000058   Code   RO           15    i.HAL_UARTEx_RxEventCallback  main.o
    0x08001e74   0x08001e74   0x00000002   Code   RO         3098    i.HAL_UART_ErrorCallback  stm32f1xx_hal_uart.o
    0x08001e76   0x08001e76   0x00000002   PAD
    0x08001e78   0x08001e78   0x0000026c   Code   RO         3101    i.HAL_UART_IRQHandler  stm32f1xx_hal_uart.o
    0x080020e4   0x080020e4   0x00000064   Code   RO         3102    i.HAL_UART_Init     stm32f1xx_hal_uart.o
    0x08002148   0x08002148   0x000000b0   Code   RO          440    i.HAL_UART_MspInit  stm32f1xx_hal_msp.o
    0x080021f8   0x080021f8   0x00000002   Code   RO         3108    i.HAL_UART_RxCpltCallback  stm32f1xx_hal_uart.o
    0x080021fa   0x080021fa   0x00000002   Code   RO         3109    i.HAL_UART_RxHalfCpltCallback  stm32f1xx_hal_uart.o
    0x080021fc   0x080021fc   0x0000009a   Code   RO         3110    i.HAL_UART_Transmit  stm32f1xx_hal_uart.o
    0x08002296   0x08002296   0x00000002   Code   RO         3113    i.HAL_UART_TxCpltCallback  stm32f1xx_hal_uart.o
    0x08002298   0x08002298   0x00000002   Code   RO          236    i.HardFault_Handler  stm32f1xx_it.o
    0x0800229a   0x0800229a   0x00000002   PAD
    0x0800229c   0x0800229c   0x00000050   Code   RO           16    i.MX_ADC1_Init      main.o
    0x080022ec   0x080022ec   0x000000d4   Code   RO           17    i.MX_GPIO_Init      main.o
    0x080023c0   0x080023c0   0x00000064   Code   RO           18    i.MX_TIM2_Init      main.o
    0x08002424   0x08002424   0x00000002   Code   RO          237    i.MemManage_Handler  stm32f1xx_it.o
    0x08002426   0x08002426   0x00000002   Code   RO          238    i.NMI_Handler       stm32f1xx_it.o
    0x08002428   0x08002428   0x00000002   Code   RO          239    i.PendSV_Handler    stm32f1xx_it.o
    0x0800242a   0x0800242a   0x00000002   Code   RO          240    i.SVC_Handler       stm32f1xx_it.o
    0x0800242c   0x0800242c   0x00000004   Code   RO          241    i.SysTick_Handler   stm32f1xx_it.o
    0x08002430   0x08002430   0x00000068   Code   RO           19    i.SystemClock_Config  main.o
    0x08002498   0x08002498   0x00000002   Code   RO         3436    i.SystemInit        system_stm32f1xx.o
    0x0800249a   0x0800249a   0x00000002   PAD
    0x0800249c   0x0800249c   0x0000000c   Code   RO          242    i.TIM2_IRQHandler   stm32f1xx_it.o
    0x080024a8   0x080024a8   0x0000006c   Code   RO         2194    i.TIM_Base_SetConfig  stm32f1xx_hal_tim.o
    0x08002514   0x08002514   0x00000014   Code   RO         2205    i.TIM_ETR_SetConfig  stm32f1xx_hal_tim.o
    0x08002528   0x08002528   0x00000010   Code   RO         2206    i.TIM_ITRx_SetConfig  stm32f1xx_hal_tim.o
    0x08002538   0x08002538   0x00000022   Code   RO         2212    i.TIM_TI1_ConfigInputStage  stm32f1xx_hal_tim.o
    0x0800255a   0x0800255a   0x00000024   Code   RO         2214    i.TIM_TI2_ConfigInputStage  stm32f1xx_hal_tim.o
    0x0800257e   0x0800257e   0x00000010   Code   RO         3115    i.UART_DMAAbortOnError  stm32f1xx_hal_uart.o
    0x0800258e   0x0800258e   0x0000004a   Code   RO         3116    i.UART_DMAError     stm32f1xx_hal_uart.o
    0x080025d8   0x080025d8   0x00000086   Code   RO         3117    i.UART_DMAReceiveCplt  stm32f1xx_hal_uart.o
    0x0800265e   0x0800265e   0x0000001e   Code   RO         3119    i.UART_DMARxHalfCplt  stm32f1xx_hal_uart.o
    0x0800267c   0x0800267c   0x0000004e   Code   RO         3125    i.UART_EndRxTransfer  stm32f1xx_hal_uart.o
    0x080026ca   0x080026ca   0x0000001c   Code   RO         3126    i.UART_EndTxTransfer  stm32f1xx_hal_uart.o
    0x080026e6   0x080026e6   0x000000c2   Code   RO         3127    i.UART_Receive_IT   stm32f1xx_hal_uart.o
    0x080027a8   0x080027a8   0x000000b8   Code   RO         3128    i.UART_SetConfig    stm32f1xx_hal_uart.o
    0x08002860   0x08002860   0x00000090   Code   RO         3129    i.UART_Start_Receive_DMA  stm32f1xx_hal_uart.o
    0x080028f0   0x080028f0   0x00000078   Code   RO         3131    i.UART_WaitOnFlagUntilTimeout  stm32f1xx_hal_uart.o
    0x08002968   0x08002968   0x0000000c   Code   RO          243    i.USART2_IRQHandler  stm32f1xx_it.o
    0x08002974   0x08002974   0x00000002   Code   RO          244    i.UsageFault_Handler  stm32f1xx_it.o
    0x08002976   0x08002976   0x00000020   Code   RO         1612    i.__NVIC_SetPriority  stm32f1xx_hal_cortex.o
    0x08002996   0x08002996   0x00000002   PAD
    0x08002998   0x08002998   0x00000014   Code   RO          605    i.b_is_end_node     addr.o
    0x080029ac   0x080029ac   0x0000001c   Code   RO          606    i.b_is_start_node   addr.o
    0x080029c8   0x080029c8   0x00000014   Code   RO          652    i.b_valve_check     valve.o
    0x080029dc   0x080029dc   0x00000078   Code   RO          495    i.e_frame_check     frame.o
    0x08002a54   0x08002a54   0x00000140   Code   RO           20    i.main              main.o
    0x08002b94   0x08002b94   0x0000000c   Code   RO           22    i.u16_timer_get     main.o
    0x08002ba0   0x08002ba0   0x00000054   Code   RO          696    i.u32_flash_write   flash.o
    0x08002bf4   0x08002bf4   0x00000010   Code   RO          697    i.u8_flash_read     flash.o
    0x08002c04   0x08002c04   0x0000001e   Code   RO          550    i.u8_lora_set_option  lora.o
    0x08002c22   0x08002c22   0x00000014   Code   RO          551    i.u8_lora_set_sped  lora.o
    0x08002c36   0x08002c36   0x00000002   PAD
    0x08002c38   0x08002c38   0x0000004c   Code   RO          653    i.u8_valve_get_state  valve.o
    0x08002c84   0x08002c84   0x00000040   Code   RO           23    i.v_Mcu_Sleep       main.o
    0x08002cc4   0x08002cc4   0x00000090   Code   RO           24    i.v_User_Init       main.o
    0x08002d54   0x08002d54   0x00000068   Code   RO          607    i.v_addr_continuous_setup  addr.o
    0x08002dbc   0x08002dbc   0x00000098   Code   RO          608    i.v_addr_setup      addr.o
    0x08002e54   0x08002e54   0x000000d8   Code   RO          496    i.v_frame_build     frame.o
    0x08002f2c   0x08002f2c   0x0000005c   Code   RO          497    i.v_frame_read      frame.o
    0x08002f88   0x08002f88   0x0000001c   Code   RO          498    i.v_frame_set_data  frame.o
    0x08002fa4   0x08002fa4   0x00000054   Code   RO          552    i.v_lora_save_params  lora.o
    0x08002ff8   0x08002ff8   0x00000048   Code   RO          553    i.v_lora_send_frame  lora.o
    0x08003040   0x08003040   0x0000004c   Code   RO          554    i.v_lora_set_mode   lora.o
    0x0800308c   0x0800308c   0x00000094   Code   RO          762    i.v_process_ctr_frame  process.o
    0x08003120   0x08003120   0x00000064   Code   RO          763    i.v_process_rep_frame  process.o
    0x08003184   0x08003184   0x00000080   Code   RO          764    i.v_process_wait_ack  process.o
    0x08003204   0x08003204   0x00000048   Code   RO          765    i.v_process_wait_ctr  process.o
    0x0800324c   0x0800324c   0x0000003c   Code   RO          766    i.v_process_wait_rep  process.o
    0x08003288   0x08003288   0x0000000c   Code   RO           25    i.v_timer_reset     main.o
    0x08003294   0x08003294   0x00000014   Code   RO           26    i.v_uart2_transmit  main.o
    0x080032a8   0x080032a8   0x0000029c   Code   RO          654    i.v_valve_control_port  valve.o
    0x08003544   0x08003544   0x00000050   Code   RO          655    i.v_valve_control_u32  valve.o
    0x08003594   0x08003594   0x00000012   Data   RO         1310    .constdata          stm32f1xx_hal_rcc.o
    0x080035a6   0x080035a6   0x00000010   Data   RO         3437    .constdata          system_stm32f1xx.o
    0x080035b6   0x080035b6   0x00000008   Data   RO         3438    .constdata          system_stm32f1xx.o
    0x080035be   0x080035be   0x00000002   PAD
    0x080035c0   0x080035c0   0x00000020   Data   RO         3672    Region$$Table       anon$$obj.o


    Execution Region RW_IRAM1 (Exec base: 0x20000000, Load base: 0x080035e0, Size: 0x00000858, Max: 0x00005000, ABSOLUTE)

    Exec Addr    Load Addr    Size         Type   Attr      Idx    E Section Name        Object

    0x20000000   0x080035e0   0x00000006   Data   RW           30    .data               main.o
    0x20000006   0x080035e6   0x00000001   Data   RW          500    .data               frame.o
    0x20000007   0x080035e7   0x00000005   Data   RW          609    .data               addr.o
    0x2000000c   0x080035ec   0x0000000c   Data   RW         1147    .data               stm32f1xx_hal.o
    0x20000018   0x080035f8   0x00000004   Data   RW         3439    .data               system_stm32f1xx.o
    0x2000001c        -       0x00000124   Zero   RW           27    .bss                main.o
    0x20000140        -       0x00000044   Zero   RW           28    .bss                main.o
    0x20000184        -       0x00000044   Zero   RW           29    .bss                main.o
    0x200001c8        -       0x0000000d   Zero   RW          499    .bss                frame.o
    0x200001d5   0x080035fc   0x00000003   PAD
    0x200001d8        -       0x00000020   Zero   RW         1853    .bss                stm32f1xx_hal_flash.o
    0x200001f8        -       0x00000060   Zero   RW         3544    .bss                c_w.l(libspace.o)
    0x20000258        -       0x00000200   Zero   RW            2    HEAP                startup_stm32f103xb.o
    0x20000458        -       0x00000400   Zero   RW            1    STACK               startup_stm32f103xb.o


==============================================================================

Image component sizes


      Code (inc. data)   RO Data    RW Data    ZI Data      Debug   Object Name

       304         24          0          5          0       2942   addr.o
       100         12          0          0          0       1562   flash.o
       456         56          0          1         13       4345   frame.o
       282         20          0          0          0       4523   lora.o
      1176        110          0          6        428     449360   main.o
       508         60          0          0          0       3463   process.o
        64         26        236          0       1536        816   startup_stm32f103xb.o
       192         28          0         12          0       6948   stm32f1xx_hal.o
      1442         56          0          0          0      10773   stm32f1xx_hal_adc.o
         2          0          0          0          0       1069   stm32f1xx_hal_adc_ex.o
       198         14          0          0          0      28983   stm32f1xx_hal_cortex.o
       808         36          0          0          0       5034   stm32f1xx_hal_dma.o
       404         52          0          0         32       5311   stm32f1xx_hal_flash.o
       240         26          0          0          0       3269   stm32f1xx_hal_flash_ex.o
       526         40          0          0          0       4667   stm32f1xx_hal_gpio.o
       504         64          0          0          0       3190   stm32f1xx_hal_msp.o
        32          6          0          0          0        597   stm32f1xx_hal_pwr.o
      1240         84         18          0          0       5160   stm32f1xx_hal_rcc.o
       236         12          0          0          0       1396   stm32f1xx_hal_rcc_ex.o
      1026         26          0          0          0      10444   stm32f1xx_hal_tim.o
       108         12          0          0          0       2433   stm32f1xx_hal_tim_ex.o
      1962         24          0          0          0      14305   stm32f1xx_hal_uart.o
        98         36          0          0          0     456468   stm32f1xx_it.o
         2          0         24          4          0       1139   system_stm32f1xx.o
       844         20          0          0          0       2659   valve.o

    ----------------------------------------------------------------------
     12780        844        312         28       2012    1030856   Object Totals
         0          0         32          0          0          0   (incl. Generated)
        26          0          2          0          3          0   (incl. Padding)

    ----------------------------------------------------------------------

      Code (inc. data)   RO Data    RW Data    ZI Data      Debug   Library Member Name

         8          0          0          0          0         68   __main.o
         0          0          0          0          0          0   __rtentry.o
        12          0          0          0          0          0   __rtentry2.o
         6          0          0          0          0          0   __rtentry4.o
        52          8          0          0          0          0   __scatter.o
        26          0          0          0          0          0   __scatter_copy.o
        28          0          0          0          0          0   __scatter_zi.o
        18          0          0          0          0         80   exit.o
         6          0          0          0          0        152   heapauxi.o
         0          0          0          0          0          0   indicate_semi.o
         2          0          0          0          0          0   libinit.o
         2          0          0          0          0          0   libinit2.o
         2          0          0          0          0          0   libshutdown.o
         2          0          0          0          0          0   libshutdown2.o
         8          4          0          0         96         68   libspace.o
        38          0          0          0          0         68   llushr.o
        68          0          0          0          0         68   rt_memclr.o
        78          0          0          0          0         80   rt_memclr_w.o
       138          0          0          0          0         68   rt_memcpy_v6.o
       100          0          0          0          0         80   rt_memcpy_w.o
         2          0          0          0          0          0   rtexit.o
        10          0          0          0          0          0   rtexit2.o
        12          4          0          0          0         68   sys_exit.o
        74          0          0          0          0         80   sys_stackheap_outer.o
         2          0          0          0          0         68   use_no_semi.o

    ----------------------------------------------------------------------
       700         16          0          0         96        948   Library Totals
         6          0          0          0          0          0   (incl. Padding)

    ----------------------------------------------------------------------

      Code (inc. data)   RO Data    RW Data    ZI Data      Debug   Library Name

       694         16          0          0         96        948   c_w.l

    ----------------------------------------------------------------------
       700         16          0          0         96        948   Library Totals

    ----------------------------------------------------------------------

==============================================================================


      Code (inc. data)   RO Data    RW Data    ZI Data      Debug   

     13480        860        312         28       2108    1024000   Grand Totals
     13480        860        312         28       2108    1024000   ELF Image Totals
     13480        860        312         28          0          0   ROM Totals

==============================================================================

    Total RO  Size (Code + RO Data)                13792 (  13.47kB)
    Total RW  Size (RW Data + ZI Data)              2136 (   2.09kB)
    Total ROM Size (Code + RO Data + RW Data)      13820 (  13.50kB)

==============================================================================

